Archive member included because of file (symbol)

C:\Users\Giki\Documents\lpcxpresso_3.6.3_317\workspace\Lib_CMSISv1p30_LPC17xx\Debug\libCMSISv1p30_LPC17xx.a(system_LPC17xx.o)
                              ./src/cr_startup_lpc17.o (SystemInit)
C:\Users\Giki\Documents\lpcxpresso_3.6.3_317\workspace\Lib_EaBaseBoard\Debug\libLib_EaBaseBoard.a(acc.o)
                              ./src/main.o (acc_init)
C:\Users\Giki\Documents\lpcxpresso_3.6.3_317\workspace\Lib_EaBaseBoard\Debug\libLib_EaBaseBoard.a(joystick.o)
                              ./src/main.o (joystick_init)
C:\Users\Giki\Documents\lpcxpresso_3.6.3_317\workspace\Lib_EaBaseBoard\Debug\libLib_EaBaseBoard.a(oled.o)
                              ./src/main.o (oled_putPixel)
C:\Users\Giki\Documents\lpcxpresso_3.6.3_317\workspace\Lib_EaBaseBoard\Debug\libLib_EaBaseBoard.a(pca9532.o)
                              ./src/main.o (pca9532_init)
C:\Users\Giki\Documents\lpcxpresso_3.6.3_317\workspace\Lib_EaBaseBoard\Debug\libLib_EaBaseBoard.a(font5x7.o)
                              C:\Users\Giki\Documents\lpcxpresso_3.6.3_317\workspace\Lib_EaBaseBoard\Debug\libLib_EaBaseBoard.a(oled.o) (font5x7)
C:\Users\Giki\Documents\lpcxpresso_3.6.3_317\workspace\Lib_MCU\Debug\libLib_MCU.a(lpc17xx_gpio.o)
                              ./src/main.o (GPIO_SetDir)
C:\Users\Giki\Documents\lpcxpresso_3.6.3_317\workspace\Lib_MCU\Debug\libLib_MCU.a(lpc17xx_i2c.o)
                              ./src/main.o (I2C_Init)
C:\Users\Giki\Documents\lpcxpresso_3.6.3_317\workspace\Lib_MCU\Debug\libLib_MCU.a(lpc17xx_pinsel.o)
                              ./src/main.o (PINSEL_ConfigPin)
C:\Users\Giki\Documents\lpcxpresso_3.6.3_317\workspace\Lib_MCU\Debug\libLib_MCU.a(lpc17xx_ssp.o)
                              ./src/main.o (SSP_Init)
C:\Users\Giki\Documents\lpcxpresso_3.6.3_317\workspace\Lib_MCU\Debug\libLib_MCU.a(lpc17xx_timer.o)
                              ./src/main.o (Timer0_Wait)
C:\Users\Giki\Documents\lpcxpresso_3.6.3_317\workspace\Lib_MCU\Debug\libLib_MCU.a(lpc17xx_clkpwr.o)
                              C:\Users\Giki\Documents\lpcxpresso_3.6.3_317\workspace\Lib_MCU\Debug\libLib_MCU.a(lpc17xx_i2c.o) (CLKPWR_SetPCLKDiv)
c:/nxp/lpcxpresso_3.6.3_317/tools/bin/../lib/gcc/arm-none-eabi/4.3.3/thumb2\libgcc.a(_aeabi_uldivmod.o)
                              C:\Users\Giki\Documents\lpcxpresso_3.6.3_317\workspace\Lib_CMSISv1p30_LPC17xx\Debug\libCMSISv1p30_LPC17xx.a(system_LPC17xx.o) (__aeabi_uldivmod)
c:/nxp/lpcxpresso_3.6.3_317/tools/bin/../lib/gcc/arm-none-eabi/4.3.3/thumb2\libgcc.a(bpabi.o)
                              c:/nxp/lpcxpresso_3.6.3_317/tools/bin/../lib/gcc/arm-none-eabi/4.3.3/thumb2\libgcc.a(_aeabi_uldivmod.o) (__gnu_uldivmod_helper)
c:/nxp/lpcxpresso_3.6.3_317/tools/bin/../lib/gcc/arm-none-eabi/4.3.3/thumb2\libgcc.a(_dvmd_tls.o)
                              c:/nxp/lpcxpresso_3.6.3_317/tools/bin/../lib/gcc/arm-none-eabi/4.3.3/thumb2\libgcc.a(_aeabi_uldivmod.o) (__aeabi_ldiv0)
c:/nxp/lpcxpresso_3.6.3_317/tools/bin/../lib/gcc/arm-none-eabi/4.3.3/thumb2\libgcc.a(_divdi3.o)
                              c:/nxp/lpcxpresso_3.6.3_317/tools/bin/../lib/gcc/arm-none-eabi/4.3.3/thumb2\libgcc.a(bpabi.o) (__divdi3)
c:/nxp/lpcxpresso_3.6.3_317/tools/bin/../lib/gcc/arm-none-eabi/4.3.3/thumb2\libgcc.a(_udivdi3.o)
                              c:/nxp/lpcxpresso_3.6.3_317/tools/bin/../lib/gcc/arm-none-eabi/4.3.3/thumb2\libgcc.a(bpabi.o) (__udivdi3)
c:/nxp/lpcxpresso_3.6.3_317/tools/bin/../lib/gcc/arm-none-eabi/4.3.3/thumb2\libgcc.a(_udivsi3.o)
                              c:/nxp/lpcxpresso_3.6.3_317/tools/bin/../lib/gcc/arm-none-eabi/4.3.3/thumb2\libgcc.a(_divdi3.o) (__aeabi_uidiv)
c:/nxp/lpcxpresso_3.6.3_317/tools/bin/../lib/gcc/arm-none-eabi/4.3.3/thumb2\libgcc.a(_clz.o)
                              c:/nxp/lpcxpresso_3.6.3_317/tools/bin/../lib/gcc/arm-none-eabi/4.3.3/thumb2\libgcc.a(_divdi3.o) (__clz_tab)
c:/nxp/lpcxpresso_3.6.3_317/tools/bin/../lib/gcc/arm-none-eabi/4.3.3/../../../../arm-none-eabi/lib/thumb2\libc.a(lib_a-memcpy.o)
                              C:\Users\Giki\Documents\lpcxpresso_3.6.3_317\workspace\Lib_EaBaseBoard\Debug\libLib_EaBaseBoard.a(pca9532.o) (memcpy)
c:/nxp/lpcxpresso_3.6.3_317/tools/bin/../lib/gcc/arm-none-eabi/4.3.3/../../../../arm-none-eabi/lib/thumb2\libc.a(lib_a-memset.o)
                              C:\Users\Giki\Documents\lpcxpresso_3.6.3_317\workspace\Lib_EaBaseBoard\Debug\libLib_EaBaseBoard.a(oled.o) (memset)

Discarded input sections

 .text          0x00000000        0x0 ./src/cr_startup_lpc17.o
 .data          0x00000000        0x0 ./src/cr_startup_lpc17.o
 .bss           0x00000000        0x0 ./src/cr_startup_lpc17.o
 .text          0x00000000        0x0 ./src/main.o
 .text          0x00000000        0x0 C:\Users\Giki\Documents\lpcxpresso_3.6.3_317\workspace\Lib_CMSISv1p30_LPC17xx\Debug\libCMSISv1p30_LPC17xx.a(system_LPC17xx.o)
 .bss           0x00000000        0x0 C:\Users\Giki\Documents\lpcxpresso_3.6.3_317\workspace\Lib_CMSISv1p30_LPC17xx\Debug\libCMSISv1p30_LPC17xx.a(system_LPC17xx.o)
 .text.SystemCoreClockUpdate
                0x00000000        0x0 C:\Users\Giki\Documents\lpcxpresso_3.6.3_317\workspace\Lib_CMSISv1p30_LPC17xx\Debug\libCMSISv1p30_LPC17xx.a(system_LPC17xx.o)
 .text          0x00000000        0x0 C:\Users\Giki\Documents\lpcxpresso_3.6.3_317\workspace\Lib_EaBaseBoard\Debug\libLib_EaBaseBoard.a(acc.o)
 .data          0x00000000        0x0 C:\Users\Giki\Documents\lpcxpresso_3.6.3_317\workspace\Lib_EaBaseBoard\Debug\libLib_EaBaseBoard.a(acc.o)
 .bss           0x00000000        0x0 C:\Users\Giki\Documents\lpcxpresso_3.6.3_317\workspace\Lib_EaBaseBoard\Debug\libLib_EaBaseBoard.a(acc.o)
 .text.getModeControl
                0x00000000        0x0 C:\Users\Giki\Documents\lpcxpresso_3.6.3_317\workspace\Lib_EaBaseBoard\Debug\libLib_EaBaseBoard.a(acc.o)
 .text.acc_setRange
                0x00000000        0x0 C:\Users\Giki\Documents\lpcxpresso_3.6.3_317\workspace\Lib_EaBaseBoard\Debug\libLib_EaBaseBoard.a(acc.o)
 .text.acc_setMode
                0x00000000        0x0 C:\Users\Giki\Documents\lpcxpresso_3.6.3_317\workspace\Lib_EaBaseBoard\Debug\libLib_EaBaseBoard.a(acc.o)
 .text          0x00000000        0x0 C:\Users\Giki\Documents\lpcxpresso_3.6.3_317\workspace\Lib_EaBaseBoard\Debug\libLib_EaBaseBoard.a(joystick.o)
 .data          0x00000000        0x0 C:\Users\Giki\Documents\lpcxpresso_3.6.3_317\workspace\Lib_EaBaseBoard\Debug\libLib_EaBaseBoard.a(joystick.o)
 .bss           0x00000000        0x0 C:\Users\Giki\Documents\lpcxpresso_3.6.3_317\workspace\Lib_EaBaseBoard\Debug\libLib_EaBaseBoard.a(joystick.o)
 .text          0x00000000        0x0 C:\Users\Giki\Documents\lpcxpresso_3.6.3_317\workspace\Lib_EaBaseBoard\Debug\libLib_EaBaseBoard.a(oled.o)
 .data          0x00000000        0x0 C:\Users\Giki\Documents\lpcxpresso_3.6.3_317\workspace\Lib_EaBaseBoard\Debug\libLib_EaBaseBoard.a(oled.o)
 .rodata        0x00000000        0x0 C:\Users\Giki\Documents\lpcxpresso_3.6.3_317\workspace\Lib_EaBaseBoard\Debug\libLib_EaBaseBoard.a(oled.o)
 .text.hLine    0x00000000        0x0 C:\Users\Giki\Documents\lpcxpresso_3.6.3_317\workspace\Lib_EaBaseBoard\Debug\libLib_EaBaseBoard.a(oled.o)
 .text.vLine    0x00000000        0x0 C:\Users\Giki\Documents\lpcxpresso_3.6.3_317\workspace\Lib_EaBaseBoard\Debug\libLib_EaBaseBoard.a(oled.o)
 .text.oled_line
                0x00000000        0x0 C:\Users\Giki\Documents\lpcxpresso_3.6.3_317\workspace\Lib_EaBaseBoard\Debug\libLib_EaBaseBoard.a(oled.o)
 .text.oled_circle
                0x00000000        0x0 C:\Users\Giki\Documents\lpcxpresso_3.6.3_317\workspace\Lib_EaBaseBoard\Debug\libLib_EaBaseBoard.a(oled.o)
 .text.oled_rect
                0x00000000        0x0 C:\Users\Giki\Documents\lpcxpresso_3.6.3_317\workspace\Lib_EaBaseBoard\Debug\libLib_EaBaseBoard.a(oled.o)
 .text.oled_fillRect
                0x00000000        0x0 C:\Users\Giki\Documents\lpcxpresso_3.6.3_317\workspace\Lib_EaBaseBoard\Debug\libLib_EaBaseBoard.a(oled.o)
 .text.oled_putChar
                0x00000000        0x0 C:\Users\Giki\Documents\lpcxpresso_3.6.3_317\workspace\Lib_EaBaseBoard\Debug\libLib_EaBaseBoard.a(oled.o)
 .text.oled_putString
                0x00000000        0x0 C:\Users\Giki\Documents\lpcxpresso_3.6.3_317\workspace\Lib_EaBaseBoard\Debug\libLib_EaBaseBoard.a(oled.o)
 .text          0x00000000        0x0 C:\Users\Giki\Documents\lpcxpresso_3.6.3_317\workspace\Lib_EaBaseBoard\Debug\libLib_EaBaseBoard.a(pca9532.o)
 .data          0x00000000        0x0 C:\Users\Giki\Documents\lpcxpresso_3.6.3_317\workspace\Lib_EaBaseBoard\Debug\libLib_EaBaseBoard.a(pca9532.o)
 .text.I2CRead  0x00000000        0x0 C:\Users\Giki\Documents\lpcxpresso_3.6.3_317\workspace\Lib_EaBaseBoard\Debug\libLib_EaBaseBoard.a(pca9532.o)
 .text.pca9532_getLedState
                0x00000000        0x0 C:\Users\Giki\Documents\lpcxpresso_3.6.3_317\workspace\Lib_EaBaseBoard\Debug\libLib_EaBaseBoard.a(pca9532.o)
 .text.pca9532_setBlink0Period
                0x00000000        0x0 C:\Users\Giki\Documents\lpcxpresso_3.6.3_317\workspace\Lib_EaBaseBoard\Debug\libLib_EaBaseBoard.a(pca9532.o)
 .text.pca9532_setBlink0Duty
                0x00000000        0x0 C:\Users\Giki\Documents\lpcxpresso_3.6.3_317\workspace\Lib_EaBaseBoard\Debug\libLib_EaBaseBoard.a(pca9532.o)
 .text.pca9532_setBlink0Leds
                0x00000000        0x0 C:\Users\Giki\Documents\lpcxpresso_3.6.3_317\workspace\Lib_EaBaseBoard\Debug\libLib_EaBaseBoard.a(pca9532.o)
 .text.pca9532_setBlink1Period
                0x00000000        0x0 C:\Users\Giki\Documents\lpcxpresso_3.6.3_317\workspace\Lib_EaBaseBoard\Debug\libLib_EaBaseBoard.a(pca9532.o)
 .text.pca9532_setBlink1Duty
                0x00000000        0x0 C:\Users\Giki\Documents\lpcxpresso_3.6.3_317\workspace\Lib_EaBaseBoard\Debug\libLib_EaBaseBoard.a(pca9532.o)
 .text.pca9532_setBlink1Leds
                0x00000000        0x0 C:\Users\Giki\Documents\lpcxpresso_3.6.3_317\workspace\Lib_EaBaseBoard\Debug\libLib_EaBaseBoard.a(pca9532.o)
 .text          0x00000000        0x0 C:\Users\Giki\Documents\lpcxpresso_3.6.3_317\workspace\Lib_EaBaseBoard\Debug\libLib_EaBaseBoard.a(font5x7.o)
 .data          0x00000000        0x0 C:\Users\Giki\Documents\lpcxpresso_3.6.3_317\workspace\Lib_EaBaseBoard\Debug\libLib_EaBaseBoard.a(font5x7.o)
 .bss           0x00000000        0x0 C:\Users\Giki\Documents\lpcxpresso_3.6.3_317\workspace\Lib_EaBaseBoard\Debug\libLib_EaBaseBoard.a(font5x7.o)
 .rodata        0x00000000        0x0 C:\Users\Giki\Documents\lpcxpresso_3.6.3_317\workspace\Lib_EaBaseBoard\Debug\libLib_EaBaseBoard.a(font5x7.o)
 .text          0x00000000        0x0 C:\Users\Giki\Documents\lpcxpresso_3.6.3_317\workspace\Lib_MCU\Debug\libLib_MCU.a(lpc17xx_gpio.o)
 .data          0x00000000        0x0 C:\Users\Giki\Documents\lpcxpresso_3.6.3_317\workspace\Lib_MCU\Debug\libLib_MCU.a(lpc17xx_gpio.o)
 .bss           0x00000000        0x0 C:\Users\Giki\Documents\lpcxpresso_3.6.3_317\workspace\Lib_MCU\Debug\libLib_MCU.a(lpc17xx_gpio.o)
 .text.FIO_HalfWordGetPointer
                0x00000000        0x0 C:\Users\Giki\Documents\lpcxpresso_3.6.3_317\workspace\Lib_MCU\Debug\libLib_MCU.a(lpc17xx_gpio.o)
 .text.FIO_ByteGetPointer
                0x00000000        0x0 C:\Users\Giki\Documents\lpcxpresso_3.6.3_317\workspace\Lib_MCU\Debug\libLib_MCU.a(lpc17xx_gpio.o)
 .text.FIO_SetDir
                0x00000000        0x0 C:\Users\Giki\Documents\lpcxpresso_3.6.3_317\workspace\Lib_MCU\Debug\libLib_MCU.a(lpc17xx_gpio.o)
 .text.FIO_SetValue
                0x00000000        0x0 C:\Users\Giki\Documents\lpcxpresso_3.6.3_317\workspace\Lib_MCU\Debug\libLib_MCU.a(lpc17xx_gpio.o)
 .text.FIO_ClearValue
                0x00000000        0x0 C:\Users\Giki\Documents\lpcxpresso_3.6.3_317\workspace\Lib_MCU\Debug\libLib_MCU.a(lpc17xx_gpio.o)
 .text.FIO_ReadValue
                0x00000000        0x0 C:\Users\Giki\Documents\lpcxpresso_3.6.3_317\workspace\Lib_MCU\Debug\libLib_MCU.a(lpc17xx_gpio.o)
 .text.FIO_SetMask
                0x00000000        0x0 C:\Users\Giki\Documents\lpcxpresso_3.6.3_317\workspace\Lib_MCU\Debug\libLib_MCU.a(lpc17xx_gpio.o)
 .text.FIO_HalfWordSetDir
                0x00000000        0x0 C:\Users\Giki\Documents\lpcxpresso_3.6.3_317\workspace\Lib_MCU\Debug\libLib_MCU.a(lpc17xx_gpio.o)
 .text.FIO_HalfWordSetMask
                0x00000000        0x0 C:\Users\Giki\Documents\lpcxpresso_3.6.3_317\workspace\Lib_MCU\Debug\libLib_MCU.a(lpc17xx_gpio.o)
 .text.FIO_HalfWordSetValue
                0x00000000        0x0 C:\Users\Giki\Documents\lpcxpresso_3.6.3_317\workspace\Lib_MCU\Debug\libLib_MCU.a(lpc17xx_gpio.o)
 .text.FIO_HalfWordClearValue
                0x00000000        0x0 C:\Users\Giki\Documents\lpcxpresso_3.6.3_317\workspace\Lib_MCU\Debug\libLib_MCU.a(lpc17xx_gpio.o)
 .text.FIO_HalfWordReadValue
                0x00000000        0x0 C:\Users\Giki\Documents\lpcxpresso_3.6.3_317\workspace\Lib_MCU\Debug\libLib_MCU.a(lpc17xx_gpio.o)
 .text.FIO_ByteSetDir
                0x00000000        0x0 C:\Users\Giki\Documents\lpcxpresso_3.6.3_317\workspace\Lib_MCU\Debug\libLib_MCU.a(lpc17xx_gpio.o)
 .text.FIO_ByteSetMask
                0x00000000        0x0 C:\Users\Giki\Documents\lpcxpresso_3.6.3_317\workspace\Lib_MCU\Debug\libLib_MCU.a(lpc17xx_gpio.o)
 .text.FIO_ByteSetValue
                0x00000000        0x0 C:\Users\Giki\Documents\lpcxpresso_3.6.3_317\workspace\Lib_MCU\Debug\libLib_MCU.a(lpc17xx_gpio.o)
 .text.FIO_ByteClearValue
                0x00000000        0x0 C:\Users\Giki\Documents\lpcxpresso_3.6.3_317\workspace\Lib_MCU\Debug\libLib_MCU.a(lpc17xx_gpio.o)
 .text.FIO_ByteReadValue
                0x00000000        0x0 C:\Users\Giki\Documents\lpcxpresso_3.6.3_317\workspace\Lib_MCU\Debug\libLib_MCU.a(lpc17xx_gpio.o)
 .text          0x00000000        0x0 C:\Users\Giki\Documents\lpcxpresso_3.6.3_317\workspace\Lib_MCU\Debug\libLib_MCU.a(lpc17xx_i2c.o)
 .data          0x00000000        0x0 C:\Users\Giki\Documents\lpcxpresso_3.6.3_317\workspace\Lib_MCU\Debug\libLib_MCU.a(lpc17xx_i2c.o)
 .text.I2C_SlaveHandler
                0x00000000        0x0 C:\Users\Giki\Documents\lpcxpresso_3.6.3_317\workspace\Lib_MCU\Debug\libLib_MCU.a(lpc17xx_i2c.o)
 .text.I2C_DeInit
                0x00000000        0x0 C:\Users\Giki\Documents\lpcxpresso_3.6.3_317\workspace\Lib_MCU\Debug\libLib_MCU.a(lpc17xx_i2c.o)
 .text.I2C_SlaveTransferData
                0x00000000        0x0 C:\Users\Giki\Documents\lpcxpresso_3.6.3_317\workspace\Lib_MCU\Debug\libLib_MCU.a(lpc17xx_i2c.o)
 .text.I2C_SetOwnSlaveAddr
                0x00000000        0x0 C:\Users\Giki\Documents\lpcxpresso_3.6.3_317\workspace\Lib_MCU\Debug\libLib_MCU.a(lpc17xx_i2c.o)
 .text.I2C_MonitorModeConfig
                0x00000000        0x0 C:\Users\Giki\Documents\lpcxpresso_3.6.3_317\workspace\Lib_MCU\Debug\libLib_MCU.a(lpc17xx_i2c.o)
 .text.I2C_MonitorModeCmd
                0x00000000        0x0 C:\Users\Giki\Documents\lpcxpresso_3.6.3_317\workspace\Lib_MCU\Debug\libLib_MCU.a(lpc17xx_i2c.o)
 .text.I2C_MonitorGetDatabuffer
                0x00000000        0x0 C:\Users\Giki\Documents\lpcxpresso_3.6.3_317\workspace\Lib_MCU\Debug\libLib_MCU.a(lpc17xx_i2c.o)
 .text.I2C0_StdIntHandler
                0x00000000        0x0 C:\Users\Giki\Documents\lpcxpresso_3.6.3_317\workspace\Lib_MCU\Debug\libLib_MCU.a(lpc17xx_i2c.o)
 .text.I2C1_StdIntHandler
                0x00000000        0x0 C:\Users\Giki\Documents\lpcxpresso_3.6.3_317\workspace\Lib_MCU\Debug\libLib_MCU.a(lpc17xx_i2c.o)
 .text.I2C2_StdIntHandler
                0x00000000        0x0 C:\Users\Giki\Documents\lpcxpresso_3.6.3_317\workspace\Lib_MCU\Debug\libLib_MCU.a(lpc17xx_i2c.o)
 .text          0x00000000        0x0 C:\Users\Giki\Documents\lpcxpresso_3.6.3_317\workspace\Lib_MCU\Debug\libLib_MCU.a(lpc17xx_pinsel.o)
 .data          0x00000000        0x0 C:\Users\Giki\Documents\lpcxpresso_3.6.3_317\workspace\Lib_MCU\Debug\libLib_MCU.a(lpc17xx_pinsel.o)
 .bss           0x00000000        0x0 C:\Users\Giki\Documents\lpcxpresso_3.6.3_317\workspace\Lib_MCU\Debug\libLib_MCU.a(lpc17xx_pinsel.o)
 .text.PINSEL_ConfigTraceFunc
                0x00000000        0x0 C:\Users\Giki\Documents\lpcxpresso_3.6.3_317\workspace\Lib_MCU\Debug\libLib_MCU.a(lpc17xx_pinsel.o)
 .text.PINSEL_SetI2C0Pins
                0x00000000        0x0 C:\Users\Giki\Documents\lpcxpresso_3.6.3_317\workspace\Lib_MCU\Debug\libLib_MCU.a(lpc17xx_pinsel.o)
 .text          0x00000000        0x0 C:\Users\Giki\Documents\lpcxpresso_3.6.3_317\workspace\Lib_MCU\Debug\libLib_MCU.a(lpc17xx_ssp.o)
 .data          0x00000000        0x0 C:\Users\Giki\Documents\lpcxpresso_3.6.3_317\workspace\Lib_MCU\Debug\libLib_MCU.a(lpc17xx_ssp.o)
 .text.SSP_DeInit
                0x00000000        0x0 C:\Users\Giki\Documents\lpcxpresso_3.6.3_317\workspace\Lib_MCU\Debug\libLib_MCU.a(lpc17xx_ssp.o)
 .text.SSP_LoopBackCmd
                0x00000000        0x0 C:\Users\Giki\Documents\lpcxpresso_3.6.3_317\workspace\Lib_MCU\Debug\libLib_MCU.a(lpc17xx_ssp.o)
 .text.SSP_SlaveOutputCmd
                0x00000000        0x0 C:\Users\Giki\Documents\lpcxpresso_3.6.3_317\workspace\Lib_MCU\Debug\libLib_MCU.a(lpc17xx_ssp.o)
 .text.SSP_GetStatus
                0x00000000        0x0 C:\Users\Giki\Documents\lpcxpresso_3.6.3_317\workspace\Lib_MCU\Debug\libLib_MCU.a(lpc17xx_ssp.o)
 .text.SSP_IntConfig
                0x00000000        0x0 C:\Users\Giki\Documents\lpcxpresso_3.6.3_317\workspace\Lib_MCU\Debug\libLib_MCU.a(lpc17xx_ssp.o)
 .text.SSP_GetRawIntStatus
                0x00000000        0x0 C:\Users\Giki\Documents\lpcxpresso_3.6.3_317\workspace\Lib_MCU\Debug\libLib_MCU.a(lpc17xx_ssp.o)
 .text.SSP_GetIntStatus
                0x00000000        0x0 C:\Users\Giki\Documents\lpcxpresso_3.6.3_317\workspace\Lib_MCU\Debug\libLib_MCU.a(lpc17xx_ssp.o)
 .text.SSP_ClearIntPending
                0x00000000        0x0 C:\Users\Giki\Documents\lpcxpresso_3.6.3_317\workspace\Lib_MCU\Debug\libLib_MCU.a(lpc17xx_ssp.o)
 .text.SSP_DMACmd
                0x00000000        0x0 C:\Users\Giki\Documents\lpcxpresso_3.6.3_317\workspace\Lib_MCU\Debug\libLib_MCU.a(lpc17xx_ssp.o)
 .text.SSP0_StdIntHandler
                0x00000000        0x0 C:\Users\Giki\Documents\lpcxpresso_3.6.3_317\workspace\Lib_MCU\Debug\libLib_MCU.a(lpc17xx_ssp.o)
 .text.SSP1_StdIntHandler
                0x00000000        0x0 C:\Users\Giki\Documents\lpcxpresso_3.6.3_317\workspace\Lib_MCU\Debug\libLib_MCU.a(lpc17xx_ssp.o)
 .text          0x00000000        0x0 C:\Users\Giki\Documents\lpcxpresso_3.6.3_317\workspace\Lib_MCU\Debug\libLib_MCU.a(lpc17xx_timer.o)
 .data          0x00000000        0x0 C:\Users\Giki\Documents\lpcxpresso_3.6.3_317\workspace\Lib_MCU\Debug\libLib_MCU.a(lpc17xx_timer.o)
 .bss           0x00000000        0x0 C:\Users\Giki\Documents\lpcxpresso_3.6.3_317\workspace\Lib_MCU\Debug\libLib_MCU.a(lpc17xx_timer.o)
 .text.TIM_GetIntCaptureStatus
                0x00000000        0x0 C:\Users\Giki\Documents\lpcxpresso_3.6.3_317\workspace\Lib_MCU\Debug\libLib_MCU.a(lpc17xx_timer.o)
 .text.TIM_ClearIntCapturePending
                0x00000000        0x0 C:\Users\Giki\Documents\lpcxpresso_3.6.3_317\workspace\Lib_MCU\Debug\libLib_MCU.a(lpc17xx_timer.o)
 .text.TIM_ConfigStructInit
                0x00000000        0x0 C:\Users\Giki\Documents\lpcxpresso_3.6.3_317\workspace\Lib_MCU\Debug\libLib_MCU.a(lpc17xx_timer.o)
 .text.TIM_DeInit
                0x00000000        0x0 C:\Users\Giki\Documents\lpcxpresso_3.6.3_317\workspace\Lib_MCU\Debug\libLib_MCU.a(lpc17xx_timer.o)
 .text.TIM_ResetCounter
                0x00000000        0x0 C:\Users\Giki\Documents\lpcxpresso_3.6.3_317\workspace\Lib_MCU\Debug\libLib_MCU.a(lpc17xx_timer.o)
 .text.TIM_ConfigCapture
                0x00000000        0x0 C:\Users\Giki\Documents\lpcxpresso_3.6.3_317\workspace\Lib_MCU\Debug\libLib_MCU.a(lpc17xx_timer.o)
 .text.TIM_GetCaptureValue
                0x00000000        0x0 C:\Users\Giki\Documents\lpcxpresso_3.6.3_317\workspace\Lib_MCU\Debug\libLib_MCU.a(lpc17xx_timer.o)
 .text          0x00000000        0x0 C:\Users\Giki\Documents\lpcxpresso_3.6.3_317\workspace\Lib_MCU\Debug\libLib_MCU.a(lpc17xx_clkpwr.o)
 .data          0x00000000        0x0 C:\Users\Giki\Documents\lpcxpresso_3.6.3_317\workspace\Lib_MCU\Debug\libLib_MCU.a(lpc17xx_clkpwr.o)
 .bss           0x00000000        0x0 C:\Users\Giki\Documents\lpcxpresso_3.6.3_317\workspace\Lib_MCU\Debug\libLib_MCU.a(lpc17xx_clkpwr.o)
 .text.CLKPWR_Sleep
                0x00000000        0x0 C:\Users\Giki\Documents\lpcxpresso_3.6.3_317\workspace\Lib_MCU\Debug\libLib_MCU.a(lpc17xx_clkpwr.o)
 .text.__WFI    0x00000000        0x0 C:\Users\Giki\Documents\lpcxpresso_3.6.3_317\workspace\Lib_MCU\Debug\libLib_MCU.a(lpc17xx_clkpwr.o)
 .text.CLKPWR_DeepSleep
                0x00000000        0x0 C:\Users\Giki\Documents\lpcxpresso_3.6.3_317\workspace\Lib_MCU\Debug\libLib_MCU.a(lpc17xx_clkpwr.o)
 .text.CLKPWR_PowerDown
                0x00000000        0x0 C:\Users\Giki\Documents\lpcxpresso_3.6.3_317\workspace\Lib_MCU\Debug\libLib_MCU.a(lpc17xx_clkpwr.o)
 .text.CLKPWR_DeepPowerDown
                0x00000000        0x0 C:\Users\Giki\Documents\lpcxpresso_3.6.3_317\workspace\Lib_MCU\Debug\libLib_MCU.a(lpc17xx_clkpwr.o)
 .data          0x00000000        0x0 c:/nxp/lpcxpresso_3.6.3_317/tools/bin/../lib/gcc/arm-none-eabi/4.3.3/thumb2\libgcc.a(_aeabi_uldivmod.o)
 .bss           0x00000000        0x0 c:/nxp/lpcxpresso_3.6.3_317/tools/bin/../lib/gcc/arm-none-eabi/4.3.3/thumb2\libgcc.a(_aeabi_uldivmod.o)
 .data          0x00000000        0x0 c:/nxp/lpcxpresso_3.6.3_317/tools/bin/../lib/gcc/arm-none-eabi/4.3.3/thumb2\libgcc.a(bpabi.o)
 .bss           0x00000000        0x0 c:/nxp/lpcxpresso_3.6.3_317/tools/bin/../lib/gcc/arm-none-eabi/4.3.3/thumb2\libgcc.a(bpabi.o)
 .data          0x00000000        0x0 c:/nxp/lpcxpresso_3.6.3_317/tools/bin/../lib/gcc/arm-none-eabi/4.3.3/thumb2\libgcc.a(_dvmd_tls.o)
 .bss           0x00000000        0x0 c:/nxp/lpcxpresso_3.6.3_317/tools/bin/../lib/gcc/arm-none-eabi/4.3.3/thumb2\libgcc.a(_dvmd_tls.o)
 .data          0x00000000        0x0 c:/nxp/lpcxpresso_3.6.3_317/tools/bin/../lib/gcc/arm-none-eabi/4.3.3/thumb2\libgcc.a(_divdi3.o)
 .bss           0x00000000        0x0 c:/nxp/lpcxpresso_3.6.3_317/tools/bin/../lib/gcc/arm-none-eabi/4.3.3/thumb2\libgcc.a(_divdi3.o)
 .ARM.extab     0x00000000        0x0 c:/nxp/lpcxpresso_3.6.3_317/tools/bin/../lib/gcc/arm-none-eabi/4.3.3/thumb2\libgcc.a(_divdi3.o)
 .data          0x00000000        0x0 c:/nxp/lpcxpresso_3.6.3_317/tools/bin/../lib/gcc/arm-none-eabi/4.3.3/thumb2\libgcc.a(_udivdi3.o)
 .bss           0x00000000        0x0 c:/nxp/lpcxpresso_3.6.3_317/tools/bin/../lib/gcc/arm-none-eabi/4.3.3/thumb2\libgcc.a(_udivdi3.o)
 .ARM.extab     0x00000000        0x0 c:/nxp/lpcxpresso_3.6.3_317/tools/bin/../lib/gcc/arm-none-eabi/4.3.3/thumb2\libgcc.a(_udivdi3.o)
 .data          0x00000000        0x0 c:/nxp/lpcxpresso_3.6.3_317/tools/bin/../lib/gcc/arm-none-eabi/4.3.3/thumb2\libgcc.a(_udivsi3.o)
 .bss           0x00000000        0x0 c:/nxp/lpcxpresso_3.6.3_317/tools/bin/../lib/gcc/arm-none-eabi/4.3.3/thumb2\libgcc.a(_udivsi3.o)
 .text          0x00000000        0x0 c:/nxp/lpcxpresso_3.6.3_317/tools/bin/../lib/gcc/arm-none-eabi/4.3.3/thumb2\libgcc.a(_clz.o)
 .data          0x00000000        0x0 c:/nxp/lpcxpresso_3.6.3_317/tools/bin/../lib/gcc/arm-none-eabi/4.3.3/thumb2\libgcc.a(_clz.o)
 .bss           0x00000000        0x0 c:/nxp/lpcxpresso_3.6.3_317/tools/bin/../lib/gcc/arm-none-eabi/4.3.3/thumb2\libgcc.a(_clz.o)
 .data          0x00000000        0x0 c:/nxp/lpcxpresso_3.6.3_317/tools/bin/../lib/gcc/arm-none-eabi/4.3.3/../../../../arm-none-eabi/lib/thumb2\libc.a(lib_a-memcpy.o)
 .bss           0x00000000        0x0 c:/nxp/lpcxpresso_3.6.3_317/tools/bin/../lib/gcc/arm-none-eabi/4.3.3/../../../../arm-none-eabi/lib/thumb2\libc.a(lib_a-memcpy.o)
 .data          0x00000000        0x0 c:/nxp/lpcxpresso_3.6.3_317/tools/bin/../lib/gcc/arm-none-eabi/4.3.3/../../../../arm-none-eabi/lib/thumb2\libc.a(lib_a-memset.o)
 .bss           0x00000000        0x0 c:/nxp/lpcxpresso_3.6.3_317/tools/bin/../lib/gcc/arm-none-eabi/4.3.3/../../../../arm-none-eabi/lib/thumb2\libc.a(lib_a-memset.o)

Memory Configuration

Name             Origin             Length             Attributes
MFlash512        0x00000000         0x00020000         xr
RamLoc32         0x10000000         0x00008000         xrw
RamAHB32         0x2007c000         0x00008000         xrw
CANAccFilterRAM  0x40038000         0x00000800         xrw
*default*        0x00000000         0xffffffff

Linker script and memory map

LOAD ./src/cr_startup_lpc17.o
LOAD ./src/main.o
LOAD C:\Users\Giki\Documents\lpcxpresso_3.6.3_317\workspace\Lib_CMSISv1p30_LPC17xx\Debug\libCMSISv1p30_LPC17xx.a
LOAD C:\Users\Giki\Documents\lpcxpresso_3.6.3_317\workspace\Lib_EaBaseBoard\Debug\libLib_EaBaseBoard.a
LOAD C:\Users\Giki\Documents\lpcxpresso_3.6.3_317\workspace\Lib_MCU\Debug\libLib_MCU.a
START GROUP
LOAD c:/nxp/lpcxpresso_3.6.3_317/tools/bin/../lib/gcc/arm-none-eabi/4.3.3/thumb2\libgcc.a
LOAD c:/nxp/lpcxpresso_3.6.3_317/tools/bin/../lib/gcc/arm-none-eabi/4.3.3/../../../../arm-none-eabi/lib/thumb2\libc.a
LOAD c:/nxp/lpcxpresso_3.6.3_317/tools/bin/../lib/gcc/arm-none-eabi/4.3.3/../../../../arm-none-eabi/lib/thumb2\libm.a
LOAD c:/nxp/lpcxpresso_3.6.3_317/tools/bin/../lib/gcc/arm-none-eabi/4.3.3/../../../../arm-none-eabi/lib/thumb2\libcr_newlib_semihost.a
END GROUP
                0x00080000                __top_MFlash512 = 0x80000
                0x10008000                __top_RamLoc32 = 0x10008000
                0x20084000                __top_RamAHB32 = 0x20084000
                0x40038800                __top_CANAccFilterRAM = 0x40038800

.text           0x00000000     0x46c4
 FILL mask 0xff
 *(.isr_vector)
 .isr_vector    0x00000000       0xcc ./src/cr_startup_lpc17.o
                0x00000000                g_pfnVectors
                0x000000cc                . = ALIGN (0x4)
                0x000000cc                __section_table_start = .
                0x000000cc                __data_section_table = .
                0x000000cc        0x4 LONG 0x46cc LOADADDR (.data)
                0x000000d0        0x4 LONG 0x10000000 ADDR (.data)
                0x000000d4        0x4 LONG 0x44 SIZEOF (.data)
                0x000000d8        0x4 LONG 0x46cc LOADADDR (.data_RAM2)
                0x000000dc        0x4 LONG 0x2007c000 ADDR (.data_RAM2)
                0x000000e0        0x4 LONG 0x0 SIZEOF (.data_RAM2)
                0x000000e4        0x4 LONG 0x46cc LOADADDR (.data_RAM3)
                0x000000e8        0x4 LONG 0x40038000 ADDR (.data_RAM3)
                0x000000ec        0x4 LONG 0x0 SIZEOF (.data_RAM3)
                0x000000f0                __data_section_table_end = .
                0x000000f0                __bss_section_table = .
                0x000000f0        0x4 LONG 0x10000044 ADDR (.bss)
                0x000000f4        0x4 LONG 0x34c SIZEOF (.bss)
                0x000000f8        0x4 LONG 0x2007c000 ADDR (.bss_RAM2)
                0x000000fc        0x4 LONG 0x0 SIZEOF (.bss_RAM2)
                0x00000100        0x4 LONG 0x40038000 ADDR (.bss_RAM3)
                0x00000104        0x4 LONG 0x0 SIZEOF (.bss_RAM3)
                0x00000108                __bss_section_table_end = .
                0x00000108                __section_table_end = .
 *(.after_vectors*)
 *(.text*)
 .text.ResetISR
                0x00000108       0x68 ./src/cr_startup_lpc17.o
                0x00000108                ResetISR
 .text.NMI_Handler
                0x00000170        0x8 ./src/cr_startup_lpc17.o
                0x00000170                NMI_Handler
 .text.HardFault_Handler
                0x00000178        0x8 ./src/cr_startup_lpc17.o
                0x00000178                HardFault_Handler
 .text.MemManage_Handler
                0x00000180        0x8 ./src/cr_startup_lpc17.o
                0x00000180                MemManage_Handler
 .text.BusFault_Handler
                0x00000188        0x8 ./src/cr_startup_lpc17.o
                0x00000188                BusFault_Handler
 .text.UsageFault_Handler
                0x00000190        0x8 ./src/cr_startup_lpc17.o
                0x00000190                UsageFault_Handler
 .text.SVCall_Handler
                0x00000198        0x8 ./src/cr_startup_lpc17.o
                0x00000198                SVCall_Handler
 .text.DebugMon_Handler
                0x000001a0        0x8 ./src/cr_startup_lpc17.o
                0x000001a0                DebugMon_Handler
 .text.PendSV_Handler
                0x000001a8        0x8 ./src/cr_startup_lpc17.o
                0x000001a8                PendSV_Handler
 .text.SysTick_Handler
                0x000001b0        0x8 ./src/cr_startup_lpc17.o
                0x000001b0                SysTick_Handler
 .text.IntDefaultHandler
                0x000001b8        0x8 ./src/cr_startup_lpc17.o
                0x000001b8                TIMER2_IRQHandler
                0x000001b8                RIT_IRQHandler
                0x000001b8                I2C0_IRQHandler
                0x000001b8                USBActivity_IRQHandler
                0x000001b8                PWM1_IRQHandler
                0x000001b8                I2C1_IRQHandler
                0x000001b8                EINT2_IRQHandler
                0x000001b8                UART1_IRQHandler
                0x000001b8                EINT3_IRQHandler
                0x000001b8                CANActivity_IRQHandler
                0x000001b8                TIMER3_IRQHandler
                0x000001b8                UART0_IRQHandler
                0x000001b8                IntDefaultHandler
                0x000001b8                PLL0_IRQHandler
                0x000001b8                CAN_IRQHandler
                0x000001b8                PLL1_IRQHandler
                0x000001b8                SSP0_IRQHandler
                0x000001b8                I2S_IRQHandler
                0x000001b8                I2C2_IRQHandler
                0x000001b8                RTC_IRQHandler
                0x000001b8                TIMER0_IRQHandler
                0x000001b8                SPI_IRQHandler
                0x000001b8                EINT1_IRQHandler
                0x000001b8                TIMER1_IRQHandler
                0x000001b8                UART2_IRQHandler
                0x000001b8                ADC_IRQHandler
                0x000001b8                SSP1_IRQHandler
                0x000001b8                USB_IRQHandler
                0x000001b8                BOD_IRQHandler
                0x000001b8                WDT_IRQHandler
                0x000001b8                QEI_IRQHandler
                0x000001b8                EINT0_IRQHandler
                0x000001b8                DMA_IRQHandler
                0x000001b8                UART3_IRQHandler
                0x000001b8                MCPWM_IRQHandler
                0x000001b8                ENET_IRQHandler
 .text.moveBar  0x000001c0       0xac ./src/main.o
 .text.drawOled
                0x0000026c      0x1a0 ./src/main.o
 .text.playNote
                0x0000040c       0x70 ./src/main.o
 .text.getNote  0x0000047c       0x64 ./src/main.o
 .text.getDuration
                0x000004e0       0x3c ./src/main.o
 .text.getPause
                0x0000051c       0x64 ./src/main.o
 .text.playSong
                0x00000580       0x8c ./src/main.o
 .text.init_ssp
                0x0000060c       0xa0 ./src/main.o
 .text.init_i2c
                0x000006ac       0x60 ./src/main.o
 .text.init_GPIO
                0x0000070c       0x48 ./src/main.o
 .text.btn1_read
                0x00000754       0x24 ./src/main.o
                0x00000754                btn1_read
 .text.main     0x00000778      0x228 ./src/main.o
                0x00000778                main
 .text.check_failed
                0x000009a0        0xc ./src/main.o
                0x000009a0                check_failed
 .text.SystemInit
                0x000009ac      0x224 C:\Users\Giki\Documents\lpcxpresso_3.6.3_317\workspace\Lib_CMSISv1p30_LPC17xx\Debug\libCMSISv1p30_LPC17xx.a(system_LPC17xx.o)
                0x000009ac                SystemInit
 .text.I2CRead  0x00000bd0       0x64 C:\Users\Giki\Documents\lpcxpresso_3.6.3_317\workspace\Lib_EaBaseBoard\Debug\libLib_EaBaseBoard.a(acc.o)
 .text.I2CWrite
                0x00000c34       0x64 C:\Users\Giki\Documents\lpcxpresso_3.6.3_317\workspace\Lib_EaBaseBoard\Debug\libLib_EaBaseBoard.a(acc.o)
 .text.getStatus
                0x00000c98       0x3c C:\Users\Giki\Documents\lpcxpresso_3.6.3_317\workspace\Lib_EaBaseBoard\Debug\libLib_EaBaseBoard.a(acc.o)
 .text.setModeControl
                0x00000cd4       0x30 C:\Users\Giki\Documents\lpcxpresso_3.6.3_317\workspace\Lib_EaBaseBoard\Debug\libLib_EaBaseBoard.a(acc.o)
 .text.acc_init
                0x00000d04       0x10 C:\Users\Giki\Documents\lpcxpresso_3.6.3_317\workspace\Lib_EaBaseBoard\Debug\libLib_EaBaseBoard.a(acc.o)
                0x00000d04                acc_init
 .text.acc_read
                0x00000d14       0xb4 C:\Users\Giki\Documents\lpcxpresso_3.6.3_317\workspace\Lib_EaBaseBoard\Debug\libLib_EaBaseBoard.a(acc.o)
                0x00000d14                acc_read
 .text.joystick_init
                0x00000dc8       0x28 C:\Users\Giki\Documents\lpcxpresso_3.6.3_317\workspace\Lib_EaBaseBoard\Debug\libLib_EaBaseBoard.a(joystick.o)
                0x00000dc8                joystick_init
 .text.joystick_read
                0x00000df0       0x98 C:\Users\Giki\Documents\lpcxpresso_3.6.3_317\workspace\Lib_EaBaseBoard\Debug\libLib_EaBaseBoard.a(joystick.o)
                0x00000df0                joystick_read
 .text.writeCommand
                0x00000e88       0x60 C:\Users\Giki\Documents\lpcxpresso_3.6.3_317\workspace\Lib_EaBaseBoard\Debug\libLib_EaBaseBoard.a(oled.o)
 .text.writeData
                0x00000ee8       0x60 C:\Users\Giki\Documents\lpcxpresso_3.6.3_317\workspace\Lib_EaBaseBoard\Debug\libLib_EaBaseBoard.a(oled.o)
 .text.writeDataLen
                0x00000f48       0x90 C:\Users\Giki\Documents\lpcxpresso_3.6.3_317\workspace\Lib_EaBaseBoard\Debug\libLib_EaBaseBoard.a(oled.o)
 .text.runInitSequence
                0x00000fd8      0x118 C:\Users\Giki\Documents\lpcxpresso_3.6.3_317\workspace\Lib_EaBaseBoard\Debug\libLib_EaBaseBoard.a(oled.o)
 .text.oled_init
                0x000010f0       0x9c C:\Users\Giki\Documents\lpcxpresso_3.6.3_317\workspace\Lib_EaBaseBoard\Debug\libLib_EaBaseBoard.a(oled.o)
                0x000010f0                oled_init
 .text.oled_putPixel
                0x0000118c      0x178 C:\Users\Giki\Documents\lpcxpresso_3.6.3_317\workspace\Lib_EaBaseBoard\Debug\libLib_EaBaseBoard.a(oled.o)
                0x0000118c                oled_putPixel
 .text.oled_clearScreen
                0x00001304       0x74 C:\Users\Giki\Documents\lpcxpresso_3.6.3_317\workspace\Lib_EaBaseBoard\Debug\libLib_EaBaseBoard.a(oled.o)
                0x00001304                oled_clearScreen
 .text.I2CWrite
                0x00001378       0x64 C:\Users\Giki\Documents\lpcxpresso_3.6.3_317\workspace\Lib_EaBaseBoard\Debug\libLib_EaBaseBoard.a(pca9532.o)
 .text.setLsStates
                0x000013dc       0xd0 C:\Users\Giki\Documents\lpcxpresso_3.6.3_317\workspace\Lib_EaBaseBoard\Debug\libLib_EaBaseBoard.a(pca9532.o)
 .text.setLeds  0x000014ac       0xa4 C:\Users\Giki\Documents\lpcxpresso_3.6.3_317\workspace\Lib_EaBaseBoard\Debug\libLib_EaBaseBoard.a(pca9532.o)
 .text.pca9532_init
                0x00001550        0xc C:\Users\Giki\Documents\lpcxpresso_3.6.3_317\workspace\Lib_EaBaseBoard\Debug\libLib_EaBaseBoard.a(pca9532.o)
                0x00001550                pca9532_init
 .text.pca9532_setLeds
                0x0000155c       0xa4 C:\Users\Giki\Documents\lpcxpresso_3.6.3_317\workspace\Lib_EaBaseBoard\Debug\libLib_EaBaseBoard.a(pca9532.o)
                0x0000155c                pca9532_setLeds
 .text.GPIO_GetPointer
                0x00001600       0x78 C:\Users\Giki\Documents\lpcxpresso_3.6.3_317\workspace\Lib_MCU\Debug\libLib_MCU.a(lpc17xx_gpio.o)
 .text.GPIO_SetDir
                0x00001678       0x54 C:\Users\Giki\Documents\lpcxpresso_3.6.3_317\workspace\Lib_MCU\Debug\libLib_MCU.a(lpc17xx_gpio.o)
                0x00001678                GPIO_SetDir
 .text.GPIO_SetValue
                0x000016cc       0x2c C:\Users\Giki\Documents\lpcxpresso_3.6.3_317\workspace\Lib_MCU\Debug\libLib_MCU.a(lpc17xx_gpio.o)
                0x000016cc                GPIO_SetValue
 .text.GPIO_ClearValue
                0x000016f8       0x2c C:\Users\Giki\Documents\lpcxpresso_3.6.3_317\workspace\Lib_MCU\Debug\libLib_MCU.a(lpc17xx_gpio.o)
                0x000016f8                GPIO_ClearValue
 .text.GPIO_ReadValue
                0x00001724       0x38 C:\Users\Giki\Documents\lpcxpresso_3.6.3_317\workspace\Lib_MCU\Debug\libLib_MCU.a(lpc17xx_gpio.o)
                0x00001724                GPIO_ReadValue
 .text.I2C_getNum
                0x0000175c       0x60 C:\Users\Giki\Documents\lpcxpresso_3.6.3_317\workspace\Lib_MCU\Debug\libLib_MCU.a(lpc17xx_i2c.o)
 .text.I2C_Start
                0x000017bc       0x40 C:\Users\Giki\Documents\lpcxpresso_3.6.3_317\workspace\Lib_MCU\Debug\libLib_MCU.a(lpc17xx_i2c.o)
 .text.I2C_Stop
                0x000017fc       0x38 C:\Users\Giki\Documents\lpcxpresso_3.6.3_317\workspace\Lib_MCU\Debug\libLib_MCU.a(lpc17xx_i2c.o)
 .text.I2C_SendByte
                0x00001834       0x50 C:\Users\Giki\Documents\lpcxpresso_3.6.3_317\workspace\Lib_MCU\Debug\libLib_MCU.a(lpc17xx_i2c.o)
 .text.I2C_GetByte
                0x00001884       0x58 C:\Users\Giki\Documents\lpcxpresso_3.6.3_317\workspace\Lib_MCU\Debug\libLib_MCU.a(lpc17xx_i2c.o)
 .text.I2C_IntCmd
                0x000018dc       0xa8 C:\Users\Giki\Documents\lpcxpresso_3.6.3_317\workspace\Lib_MCU\Debug\libLib_MCU.a(lpc17xx_i2c.o)
                0x000018dc                I2C_IntCmd
 .text.NVIC_EnableIRQ
                0x00001984       0x38 C:\Users\Giki\Documents\lpcxpresso_3.6.3_317\workspace\Lib_MCU\Debug\libLib_MCU.a(lpc17xx_i2c.o)
 .text.NVIC_DisableIRQ
                0x000019bc       0x3c C:\Users\Giki\Documents\lpcxpresso_3.6.3_317\workspace\Lib_MCU\Debug\libLib_MCU.a(lpc17xx_i2c.o)
 .text.I2C_MasterHandler
                0x000019f8      0x410 C:\Users\Giki\Documents\lpcxpresso_3.6.3_317\workspace\Lib_MCU\Debug\libLib_MCU.a(lpc17xx_i2c.o)
                0x000019f8                I2C_MasterHandler
 .text.I2C_SetClock
                0x00001e08       0xc8 C:\Users\Giki\Documents\lpcxpresso_3.6.3_317\workspace\Lib_MCU\Debug\libLib_MCU.a(lpc17xx_i2c.o)
                0x00001e08                I2C_SetClock
 .text.I2C_Init
                0x00001ed0       0xd4 C:\Users\Giki\Documents\lpcxpresso_3.6.3_317\workspace\Lib_MCU\Debug\libLib_MCU.a(lpc17xx_i2c.o)
                0x00001ed0                I2C_Init
 .text.I2C_Cmd  0x00001fa4       0x84 C:\Users\Giki\Documents\lpcxpresso_3.6.3_317\workspace\Lib_MCU\Debug\libLib_MCU.a(lpc17xx_i2c.o)
                0x00001fa4                I2C_Cmd
 .text.I2C_MasterTransferData
                0x00002028      0x374 C:\Users\Giki\Documents\lpcxpresso_3.6.3_317\workspace\Lib_MCU\Debug\libLib_MCU.a(lpc17xx_i2c.o)
                0x00002028                I2C_MasterTransferData
 .text.PINSEL_SetPinFunc
                0x0000239c       0xa4 C:\Users\Giki\Documents\lpcxpresso_3.6.3_317\workspace\Lib_MCU\Debug\libLib_MCU.a(lpc17xx_pinsel.o)
                0x0000239c                PINSEL_SetPinFunc
 .text.PINSEL_SetResistorMode
                0x00002440       0xa4 C:\Users\Giki\Documents\lpcxpresso_3.6.3_317\workspace\Lib_MCU\Debug\libLib_MCU.a(lpc17xx_pinsel.o)
                0x00002440                PINSEL_SetResistorMode
 .text.PINSEL_SetOpenDrainMode
                0x000024e4       0x84 C:\Users\Giki\Documents\lpcxpresso_3.6.3_317\workspace\Lib_MCU\Debug\libLib_MCU.a(lpc17xx_pinsel.o)
                0x000024e4                PINSEL_SetOpenDrainMode
 .text.PINSEL_ConfigPin
                0x00002568       0x4c C:\Users\Giki\Documents\lpcxpresso_3.6.3_317\workspace\Lib_MCU\Debug\libLib_MCU.a(lpc17xx_pinsel.o)
                0x00002568                PINSEL_ConfigPin
 .text.SSP_getNum
                0x000025b4       0x48 C:\Users\Giki\Documents\lpcxpresso_3.6.3_317\workspace\Lib_MCU\Debug\libLib_MCU.a(lpc17xx_ssp.o)
 .text.SSP_IntHandler
                0x000025fc      0x324 C:\Users\Giki\Documents\lpcxpresso_3.6.3_317\workspace\Lib_MCU\Debug\libLib_MCU.a(lpc17xx_ssp.o)
                0x000025fc                SSP_IntHandler
 .text.SSP_SetClock
                0x00002920       0xf8 C:\Users\Giki\Documents\lpcxpresso_3.6.3_317\workspace\Lib_MCU\Debug\libLib_MCU.a(lpc17xx_ssp.o)
                0x00002920                SSP_SetClock
 .text.SSP_Init
                0x00002a18      0x10c C:\Users\Giki\Documents\lpcxpresso_3.6.3_317\workspace\Lib_MCU\Debug\libLib_MCU.a(lpc17xx_ssp.o)
                0x00002a18                SSP_Init
 .text.SSP_ConfigStructInit
                0x00002b24       0x48 C:\Users\Giki\Documents\lpcxpresso_3.6.3_317\workspace\Lib_MCU\Debug\libLib_MCU.a(lpc17xx_ssp.o)
                0x00002b24                SSP_ConfigStructInit
 .text.SSP_Cmd  0x00002b6c       0x7c C:\Users\Giki\Documents\lpcxpresso_3.6.3_317\workspace\Lib_MCU\Debug\libLib_MCU.a(lpc17xx_ssp.o)
                0x00002b6c                SSP_Cmd
 .text.SSP_SendData
                0x00002be8       0x48 C:\Users\Giki\Documents\lpcxpresso_3.6.3_317\workspace\Lib_MCU\Debug\libLib_MCU.a(lpc17xx_ssp.o)
                0x00002be8                SSP_SendData
 .text.SSP_ReceiveData
                0x00002c30       0x44 C:\Users\Giki\Documents\lpcxpresso_3.6.3_317\workspace\Lib_MCU\Debug\libLib_MCU.a(lpc17xx_ssp.o)
                0x00002c30                SSP_ReceiveData
 .text.SSP_ReadWrite
                0x00002c74      0x448 C:\Users\Giki\Documents\lpcxpresso_3.6.3_317\workspace\Lib_MCU\Debug\libLib_MCU.a(lpc17xx_ssp.o)
                0x00002c74                SSP_ReadWrite
 .text.TIM_GetPClock
                0x000030bc       0x68 C:\Users\Giki\Documents\lpcxpresso_3.6.3_317\workspace\Lib_MCU\Debug\libLib_MCU.a(lpc17xx_timer.o)
                0x000030bc                TIM_GetPClock
 .text.TIM_ConverUSecToVal
                0x00003124       0x68 C:\Users\Giki\Documents\lpcxpresso_3.6.3_317\workspace\Lib_MCU\Debug\libLib_MCU.a(lpc17xx_timer.o)
                0x00003124                TIM_ConverUSecToVal
 .text.TIM_ConverPtrToTimeNum
                0x0000318c       0x74 C:\Users\Giki\Documents\lpcxpresso_3.6.3_317\workspace\Lib_MCU\Debug\libLib_MCU.a(lpc17xx_timer.o)
                0x0000318c                TIM_ConverPtrToTimeNum
 .text.TIM_GetIntStatus
                0x00003200       0xc0 C:\Users\Giki\Documents\lpcxpresso_3.6.3_317\workspace\Lib_MCU\Debug\libLib_MCU.a(lpc17xx_timer.o)
                0x00003200                TIM_GetIntStatus
 .text.TIM_ClearIntPending
                0x000032c0       0xa8 C:\Users\Giki\Documents\lpcxpresso_3.6.3_317\workspace\Lib_MCU\Debug\libLib_MCU.a(lpc17xx_timer.o)
                0x000032c0                TIM_ClearIntPending
 .text.TIM_Init
                0x00003368      0x1c8 C:\Users\Giki\Documents\lpcxpresso_3.6.3_317\workspace\Lib_MCU\Debug\libLib_MCU.a(lpc17xx_timer.o)
                0x00003368                TIM_Init
 .text.TIM_Cmd  0x00003530       0x7c C:\Users\Giki\Documents\lpcxpresso_3.6.3_317\workspace\Lib_MCU\Debug\libLib_MCU.a(lpc17xx_timer.o)
                0x00003530                TIM_Cmd
 .text.TIM_ConfigMatch
                0x000035ac      0x1a0 C:\Users\Giki\Documents\lpcxpresso_3.6.3_317\workspace\Lib_MCU\Debug\libLib_MCU.a(lpc17xx_timer.o)
                0x000035ac                TIM_ConfigMatch
 .text.Timer0_Wait
                0x0000374c       0x9c C:\Users\Giki\Documents\lpcxpresso_3.6.3_317\workspace\Lib_MCU\Debug\libLib_MCU.a(lpc17xx_timer.o)
                0x0000374c                Timer0_Wait
 .text.Timer0_us_Wait
                0x000037e8       0x9c C:\Users\Giki\Documents\lpcxpresso_3.6.3_317\workspace\Lib_MCU\Debug\libLib_MCU.a(lpc17xx_timer.o)
                0x000037e8                Timer0_us_Wait
 .text.CLKPWR_SetPCLKDiv
                0x00003884       0xd0 C:\Users\Giki\Documents\lpcxpresso_3.6.3_317\workspace\Lib_MCU\Debug\libLib_MCU.a(lpc17xx_clkpwr.o)
                0x00003884                CLKPWR_SetPCLKDiv
 .text.CLKPWR_GetPCLKSEL
                0x00003954       0x54 C:\Users\Giki\Documents\lpcxpresso_3.6.3_317\workspace\Lib_MCU\Debug\libLib_MCU.a(lpc17xx_clkpwr.o)
                0x00003954                CLKPWR_GetPCLKSEL
 .text.CLKPWR_GetPCLK
                0x000039a8       0x70 C:\Users\Giki\Documents\lpcxpresso_3.6.3_317\workspace\Lib_MCU\Debug\libLib_MCU.a(lpc17xx_clkpwr.o)
                0x000039a8                CLKPWR_GetPCLK
 .text.CLKPWR_ConfigPPWR
                0x00003a18       0x7c C:\Users\Giki\Documents\lpcxpresso_3.6.3_317\workspace\Lib_MCU\Debug\libLib_MCU.a(lpc17xx_clkpwr.o)
                0x00003a18                CLKPWR_ConfigPPWR
 .text          0x00003a94       0x2c c:/nxp/lpcxpresso_3.6.3_317/tools/bin/../lib/gcc/arm-none-eabi/4.3.3/thumb2\libgcc.a(_aeabi_uldivmod.o)
                0x00003a94                __aeabi_uldivmod
 .text          0x00003ac0       0x60 c:/nxp/lpcxpresso_3.6.3_317/tools/bin/../lib/gcc/arm-none-eabi/4.3.3/thumb2\libgcc.a(bpabi.o)
                0x00003ac0                __gnu_uldivmod_helper
                0x00003af0                __gnu_ldivmod_helper
 .text          0x00003b20        0x4 c:/nxp/lpcxpresso_3.6.3_317/tools/bin/../lib/gcc/arm-none-eabi/4.3.3/thumb2\libgcc.a(_dvmd_tls.o)
                0x00003b20                __aeabi_ldiv0
                0x00003b20                __aeabi_idiv0
 .text          0x00003b24      0x40c c:/nxp/lpcxpresso_3.6.3_317/tools/bin/../lib/gcc/arm-none-eabi/4.3.3/thumb2\libgcc.a(_divdi3.o)
                0x00003b24                __divdi3
 .text          0x00003f30      0x3cc c:/nxp/lpcxpresso_3.6.3_317/tools/bin/../lib/gcc/arm-none-eabi/4.3.3/thumb2\libgcc.a(_udivdi3.o)
                0x00003f30                __udivdi3
 .text          0x000042fc       0x8c c:/nxp/lpcxpresso_3.6.3_317/tools/bin/../lib/gcc/arm-none-eabi/4.3.3/thumb2\libgcc.a(_udivsi3.o)
                0x000042fc                __udivsi3
                0x000042fc                __aeabi_uidiv
                0x00004374                __aeabi_uidivmod
 .text          0x00004388      0x12c c:/nxp/lpcxpresso_3.6.3_317/tools/bin/../lib/gcc/arm-none-eabi/4.3.3/../../../../arm-none-eabi/lib/thumb2\libc.a(lib_a-memcpy.o)
                0x00004388                memcpy
 .text          0x000044b4       0xb0 c:/nxp/lpcxpresso_3.6.3_317/tools/bin/../lib/gcc/arm-none-eabi/4.3.3/../../../../arm-none-eabi/lib/thumb2\libc.a(lib_a-memset.o)
                0x000044b4                memset
 *(.rodata .rodata.*)
 .rodata        0x00004564       0x14 ./src/main.o
 .rodata        0x00004578        0x4 C:\Users\Giki\Documents\lpcxpresso_3.6.3_317\workspace\Lib_EaBaseBoard\Debug\libLib_EaBaseBoard.a(pca9532.o)
 .rodata        0x0000457c       0x18 C:\Users\Giki\Documents\lpcxpresso_3.6.3_317\workspace\Lib_MCU\Debug\libLib_MCU.a(lpc17xx_i2c.o)
 .rodata        0x00004594       0x18 C:\Users\Giki\Documents\lpcxpresso_3.6.3_317\workspace\Lib_MCU\Debug\libLib_MCU.a(lpc17xx_ssp.o)
 .rodata        0x000045ac       0x18 C:\Users\Giki\Documents\lpcxpresso_3.6.3_317\workspace\Lib_MCU\Debug\libLib_MCU.a(lpc17xx_timer.o)
 .rodata        0x000045c4      0x100 c:/nxp/lpcxpresso_3.6.3_317/tools/bin/../lib/gcc/arm-none-eabi/4.3.3/thumb2\libgcc.a(_clz.o)
                0x000045c4                __clz_tab
                0x000046c4                . = ALIGN (0x4)

.glue_7         0x000046c4        0x0
 .glue_7        0x00000000        0x0 linker stubs

.glue_7t        0x000046c4        0x0
 .glue_7t       0x00000000        0x0 linker stubs

.vfp11_veneer   0x000046c4        0x0
 .vfp11_veneer  0x00000000        0x0 linker stubs

.v4_bx          0x000046c4        0x0
 .v4_bx         0x00000000        0x0 linker stubs

.ARM.extab
 *(.ARM.extab* .gnu.linkonce.armextab.*)
                0x000046c4                __exidx_start = .

.ARM.exidx      0x000046c4        0x8
 *(.ARM.exidx* .gnu.linkonce.armexidx.*)
 .ARM.exidx     0x000046c4        0x8 c:/nxp/lpcxpresso_3.6.3_317/tools/bin/../lib/gcc/arm-none-eabi/4.3.3/thumb2\libgcc.a(_divdi3.o)
 .ARM.exidx     0x000046cc        0x0 c:/nxp/lpcxpresso_3.6.3_317/tools/bin/../lib/gcc/arm-none-eabi/4.3.3/thumb2\libgcc.a(_udivdi3.o)
                                  0x8 (size before relaxing)
                0x000046cc                __exidx_end = .
                0x000046cc                _etext = .

.data_RAM2      0x2007c000        0x0 load address 0x000046cc
 FILL mask 0xff
 *(.data.$RAM2*)
 *(.data.$RamAHB32*)
                0x2007c000                . = ALIGN (0x4)

.data_RAM3      0x40038000        0x0 load address 0x000046cc
 FILL mask 0xff
 *(.data.$RAM3*)
 *(.data.$CANAccFilterRAM*)
                0x40038000                . = ALIGN (0x4)

.uninit_RESERVED
 *(.bss.$RESERVED*)

.data           0x10000000       0x44 load address 0x000046cc
 FILL mask 0xff
                0x10000000                _data = .
 *(vtable)
 *(.data*)
 .data          0x10000000       0x40 ./src/main.o
 .data          0x10000040        0x4 C:\Users\Giki\Documents\lpcxpresso_3.6.3_317\workspace\Lib_CMSISv1p30_LPC17xx\Debug\libCMSISv1p30_LPC17xx.a(system_LPC17xx.o)
                0x10000040                SystemCoreClock
                0x10000044                . = ALIGN (0x4)
                0x10000044                _edata = .

.bss_RAM2       0x2007c000        0x0
 *(.bss.$RAM2*)
 *(.bss.$RamAHB32*)
                0x2007c000                . = ALIGN (0x4)

.bss_RAM3       0x40038000        0x0
 *(.bss.$RAM3*)
 *(.bss.$CANAccFilterRAM*)
                0x40038000                . = ALIGN (0x4)

.bss            0x10000044      0x34c
                0x10000044                _bss = .
 *(.bss*)
 .bss           0x10000044        0x8 ./src/main.o
 .bss           0x1000004c      0x300 C:\Users\Giki\Documents\lpcxpresso_3.6.3_317\workspace\Lib_EaBaseBoard\Debug\libLib_EaBaseBoard.a(oled.o)
 .bss           0x1000034c        0x6 C:\Users\Giki\Documents\lpcxpresso_3.6.3_317\workspace\Lib_EaBaseBoard\Debug\libLib_EaBaseBoard.a(pca9532.o)
 *fill*         0x10000352        0x2 00
 .bss           0x10000354       0x24 C:\Users\Giki\Documents\lpcxpresso_3.6.3_317\workspace\Lib_MCU\Debug\libLib_MCU.a(lpc17xx_i2c.o)
 .bss           0x10000378       0x18 C:\Users\Giki\Documents\lpcxpresso_3.6.3_317\workspace\Lib_MCU\Debug\libLib_MCU.a(lpc17xx_ssp.o)
 *(COMMON)
                0x10000390                . = ALIGN (0x4)
                0x10000390                _ebss = .
                0x10000390                PROVIDE (end, .)
                0x10000390                PROVIDE (_pvHeapStart, .)
                0x10008000                PROVIDE (_vStackTop, (__top_RamLoc32 - 0x0))
OUTPUT(demo.axf elf32-littlearm)

.debug_abbrev   0x00000000     0x131f
 .debug_abbrev  0x00000000       0xbd ./src/cr_startup_lpc17.o
 .debug_abbrev  0x000000bd      0x1b5 ./src/main.o
 .debug_abbrev  0x00000272       0xc6 C:\Users\Giki\Documents\lpcxpresso_3.6.3_317\workspace\Lib_CMSISv1p30_LPC17xx\Debug\libCMSISv1p30_LPC17xx.a(system_LPC17xx.o)
 .debug_abbrev  0x00000338      0x165 C:\Users\Giki\Documents\lpcxpresso_3.6.3_317\workspace\Lib_EaBaseBoard\Debug\libLib_EaBaseBoard.a(acc.o)
 .debug_abbrev  0x0000049d       0x99 C:\Users\Giki\Documents\lpcxpresso_3.6.3_317\workspace\Lib_EaBaseBoard\Debug\libLib_EaBaseBoard.a(joystick.o)
 .debug_abbrev  0x00000536      0x1ed C:\Users\Giki\Documents\lpcxpresso_3.6.3_317\workspace\Lib_EaBaseBoard\Debug\libLib_EaBaseBoard.a(oled.o)
 .debug_abbrev  0x00000723      0x1b3 C:\Users\Giki\Documents\lpcxpresso_3.6.3_317\workspace\Lib_EaBaseBoard\Debug\libLib_EaBaseBoard.a(pca9532.o)
 .debug_abbrev  0x000008d6       0x54 C:\Users\Giki\Documents\lpcxpresso_3.6.3_317\workspace\Lib_EaBaseBoard\Debug\libLib_EaBaseBoard.a(font5x7.o)
 .debug_abbrev  0x0000092a      0x18e C:\Users\Giki\Documents\lpcxpresso_3.6.3_317\workspace\Lib_MCU\Debug\libLib_MCU.a(lpc17xx_gpio.o)
 .debug_abbrev  0x00000ab8      0x253 C:\Users\Giki\Documents\lpcxpresso_3.6.3_317\workspace\Lib_MCU\Debug\libLib_MCU.a(lpc17xx_i2c.o)
 .debug_abbrev  0x00000d0b      0x113 C:\Users\Giki\Documents\lpcxpresso_3.6.3_317\workspace\Lib_MCU\Debug\libLib_MCU.a(lpc17xx_pinsel.o)
 .debug_abbrev  0x00000e1e      0x1dc C:\Users\Giki\Documents\lpcxpresso_3.6.3_317\workspace\Lib_MCU\Debug\libLib_MCU.a(lpc17xx_ssp.o)
 .debug_abbrev  0x00000ffa      0x1a8 C:\Users\Giki\Documents\lpcxpresso_3.6.3_317\workspace\Lib_MCU\Debug\libLib_MCU.a(lpc17xx_timer.o)
 .debug_abbrev  0x000011a2      0x17d C:\Users\Giki\Documents\lpcxpresso_3.6.3_317\workspace\Lib_MCU\Debug\libLib_MCU.a(lpc17xx_clkpwr.o)

.debug_info     0x00000000     0x5646
 .debug_info    0x00000000      0x1e5 ./src/cr_startup_lpc17.o
 .debug_info    0x000001e5      0x709 ./src/main.o
 .debug_info    0x000008ee      0x334 C:\Users\Giki\Documents\lpcxpresso_3.6.3_317\workspace\Lib_CMSISv1p30_LPC17xx\Debug\libCMSISv1p30_LPC17xx.a(system_LPC17xx.o)
 .debug_info    0x00000c22      0x526 C:\Users\Giki\Documents\lpcxpresso_3.6.3_317\workspace\Lib_EaBaseBoard\Debug\libLib_EaBaseBoard.a(acc.o)
 .debug_info    0x00001148      0x104 C:\Users\Giki\Documents\lpcxpresso_3.6.3_317\workspace\Lib_EaBaseBoard\Debug\libLib_EaBaseBoard.a(joystick.o)
 .debug_info    0x0000124c      0x954 C:\Users\Giki\Documents\lpcxpresso_3.6.3_317\workspace\Lib_EaBaseBoard\Debug\libLib_EaBaseBoard.a(oled.o)
 .debug_info    0x00001ba0      0x62b C:\Users\Giki\Documents\lpcxpresso_3.6.3_317\workspace\Lib_EaBaseBoard\Debug\libLib_EaBaseBoard.a(pca9532.o)
 .debug_info    0x000021cb       0x61 C:\Users\Giki\Documents\lpcxpresso_3.6.3_317\workspace\Lib_EaBaseBoard\Debug\libLib_EaBaseBoard.a(font5x7.o)
 .debug_info    0x0000222c      0xb8a C:\Users\Giki\Documents\lpcxpresso_3.6.3_317\workspace\Lib_MCU\Debug\libLib_MCU.a(lpc17xx_gpio.o)
 .debug_info    0x00002db6      0xcad C:\Users\Giki\Documents\lpcxpresso_3.6.3_317\workspace\Lib_MCU\Debug\libLib_MCU.a(lpc17xx_i2c.o)
 .debug_info    0x00003a63      0x49b C:\Users\Giki\Documents\lpcxpresso_3.6.3_317\workspace\Lib_MCU\Debug\libLib_MCU.a(lpc17xx_pinsel.o)
 .debug_info    0x00003efe      0x85c C:\Users\Giki\Documents\lpcxpresso_3.6.3_317\workspace\Lib_MCU\Debug\libLib_MCU.a(lpc17xx_ssp.o)
 .debug_info    0x0000475a      0x8d9 C:\Users\Giki\Documents\lpcxpresso_3.6.3_317\workspace\Lib_MCU\Debug\libLib_MCU.a(lpc17xx_timer.o)
 .debug_info    0x00005033      0x613 C:\Users\Giki\Documents\lpcxpresso_3.6.3_317\workspace\Lib_MCU\Debug\libLib_MCU.a(lpc17xx_clkpwr.o)

.debug_line     0x00000000     0x3b1c
 .debug_line    0x00000000      0x253 ./src/cr_startup_lpc17.o
 .debug_line    0x00000253      0x449 ./src/main.o
 .debug_line    0x0000069c      0x31c C:\Users\Giki\Documents\lpcxpresso_3.6.3_317\workspace\Lib_CMSISv1p30_LPC17xx\Debug\libCMSISv1p30_LPC17xx.a(system_LPC17xx.o)
 .debug_line    0x000009b8      0x441 C:\Users\Giki\Documents\lpcxpresso_3.6.3_317\workspace\Lib_EaBaseBoard\Debug\libLib_EaBaseBoard.a(acc.o)
 .debug_line    0x00000df9      0x3b3 C:\Users\Giki\Documents\lpcxpresso_3.6.3_317\workspace\Lib_EaBaseBoard\Debug\libLib_EaBaseBoard.a(joystick.o)
 .debug_line    0x000011ac      0x5dd C:\Users\Giki\Documents\lpcxpresso_3.6.3_317\workspace\Lib_EaBaseBoard\Debug\libLib_EaBaseBoard.a(oled.o)
 .debug_line    0x00001789      0x4af C:\Users\Giki\Documents\lpcxpresso_3.6.3_317\workspace\Lib_EaBaseBoard\Debug\libLib_EaBaseBoard.a(pca9532.o)
 .debug_line    0x00001c38       0x8c C:\Users\Giki\Documents\lpcxpresso_3.6.3_317\workspace\Lib_EaBaseBoard\Debug\libLib_EaBaseBoard.a(font5x7.o)
 .debug_line    0x00001cc4      0x528 C:\Users\Giki\Documents\lpcxpresso_3.6.3_317\workspace\Lib_MCU\Debug\libLib_MCU.a(lpc17xx_gpio.o)
 .debug_line    0x000021ec      0x685 C:\Users\Giki\Documents\lpcxpresso_3.6.3_317\workspace\Lib_MCU\Debug\libLib_MCU.a(lpc17xx_i2c.o)
 .debug_line    0x00002871      0x3b9 C:\Users\Giki\Documents\lpcxpresso_3.6.3_317\workspace\Lib_MCU\Debug\libLib_MCU.a(lpc17xx_pinsel.o)
 .debug_line    0x00002c2a      0x5bb C:\Users\Giki\Documents\lpcxpresso_3.6.3_317\workspace\Lib_MCU\Debug\libLib_MCU.a(lpc17xx_ssp.o)
 .debug_line    0x000031e5      0x544 C:\Users\Giki\Documents\lpcxpresso_3.6.3_317\workspace\Lib_MCU\Debug\libLib_MCU.a(lpc17xx_timer.o)
 .debug_line    0x00003729      0x3f3 C:\Users\Giki\Documents\lpcxpresso_3.6.3_317\workspace\Lib_MCU\Debug\libLib_MCU.a(lpc17xx_clkpwr.o)

.debug_macinfo  0x00000000    0x6213b
 .debug_macinfo
                0x00000000     0x151f ./src/cr_startup_lpc17.o
 .debug_macinfo
                0x0000151f     0x87ec ./src/main.o
 .debug_macinfo
                0x00009d0b     0x6d5c C:\Users\Giki\Documents\lpcxpresso_3.6.3_317\workspace\Lib_CMSISv1p30_LPC17xx\Debug\libCMSISv1p30_LPC17xx.a(system_LPC17xx.o)
 .debug_macinfo
                0x00010a67     0x787f C:\Users\Giki\Documents\lpcxpresso_3.6.3_317\workspace\Lib_EaBaseBoard\Debug\libLib_EaBaseBoard.a(acc.o)
 .debug_macinfo
                0x000182e6     0x6eef C:\Users\Giki\Documents\lpcxpresso_3.6.3_317\workspace\Lib_EaBaseBoard\Debug\libLib_EaBaseBoard.a(joystick.o)
 .debug_macinfo
                0x0001f1d5     0x8aa7 C:\Users\Giki\Documents\lpcxpresso_3.6.3_317\workspace\Lib_EaBaseBoard\Debug\libLib_EaBaseBoard.a(oled.o)
 .debug_macinfo
                0x00027c7c     0x77bd C:\Users\Giki\Documents\lpcxpresso_3.6.3_317\workspace\Lib_EaBaseBoard\Debug\libLib_EaBaseBoard.a(pca9532.o)
 .debug_macinfo
                0x0002f439     0x1cb1 C:\Users\Giki\Documents\lpcxpresso_3.6.3_317\workspace\Lib_EaBaseBoard\Debug\libLib_EaBaseBoard.a(font5x7.o)
 .debug_macinfo
                0x000310ea     0x701c C:\Users\Giki\Documents\lpcxpresso_3.6.3_317\workspace\Lib_MCU\Debug\libLib_MCU.a(lpc17xx_gpio.o)
 .debug_macinfo
                0x00038106     0x8f3c C:\Users\Giki\Documents\lpcxpresso_3.6.3_317\workspace\Lib_MCU\Debug\libLib_MCU.a(lpc17xx_i2c.o)
 .debug_macinfo
                0x00041042     0x7137 C:\Users\Giki\Documents\lpcxpresso_3.6.3_317\workspace\Lib_MCU\Debug\libLib_MCU.a(lpc17xx_pinsel.o)
 .debug_macinfo
                0x00048179     0x9234 C:\Users\Giki\Documents\lpcxpresso_3.6.3_317\workspace\Lib_MCU\Debug\libLib_MCU.a(lpc17xx_ssp.o)
 .debug_macinfo
                0x000513ad     0x8e31 C:\Users\Giki\Documents\lpcxpresso_3.6.3_317\workspace\Lib_MCU\Debug\libLib_MCU.a(lpc17xx_timer.o)
 .debug_macinfo
                0x0005a1de     0x7f5d C:\Users\Giki\Documents\lpcxpresso_3.6.3_317\workspace\Lib_MCU\Debug\libLib_MCU.a(lpc17xx_clkpwr.o)

.debug_frame    0x00000000     0x155c
 .debug_frame   0x00000000      0x120 ./src/cr_startup_lpc17.o
 .debug_frame   0x00000120      0x1a0 ./src/main.o
 .debug_frame   0x000002c0       0x48 C:\Users\Giki\Documents\lpcxpresso_3.6.3_317\workspace\Lib_CMSISv1p30_LPC17xx\Debug\libCMSISv1p30_LPC17xx.a(system_LPC17xx.o)
 .debug_frame   0x00000308      0x12c C:\Users\Giki\Documents\lpcxpresso_3.6.3_317\workspace\Lib_EaBaseBoard\Debug\libLib_EaBaseBoard.a(acc.o)
 .debug_frame   0x00000434       0x4c C:\Users\Giki\Documents\lpcxpresso_3.6.3_317\workspace\Lib_EaBaseBoard\Debug\libLib_EaBaseBoard.a(joystick.o)
 .debug_frame   0x00000480      0x1fc C:\Users\Giki\Documents\lpcxpresso_3.6.3_317\workspace\Lib_EaBaseBoard\Debug\libLib_EaBaseBoard.a(oled.o)
 .debug_frame   0x0000067c      0x1a8 C:\Users\Giki\Documents\lpcxpresso_3.6.3_317\workspace\Lib_EaBaseBoard\Debug\libLib_EaBaseBoard.a(pca9532.o)
 .debug_frame   0x00000824      0x2c4 C:\Users\Giki\Documents\lpcxpresso_3.6.3_317\workspace\Lib_MCU\Debug\libLib_MCU.a(lpc17xx_gpio.o)
 .debug_frame   0x00000ae8      0x2c8 C:\Users\Giki\Documents\lpcxpresso_3.6.3_317\workspace\Lib_MCU\Debug\libLib_MCU.a(lpc17xx_i2c.o)
 .debug_frame   0x00000db0       0xbc C:\Users\Giki\Documents\lpcxpresso_3.6.3_317\workspace\Lib_MCU\Debug\libLib_MCU.a(lpc17xx_pinsel.o)
 .debug_frame   0x00000e6c      0x280 C:\Users\Giki\Documents\lpcxpresso_3.6.3_317\workspace\Lib_MCU\Debug\libLib_MCU.a(lpc17xx_ssp.o)
 .debug_frame   0x000010ec      0x22c C:\Users\Giki\Documents\lpcxpresso_3.6.3_317\workspace\Lib_MCU\Debug\libLib_MCU.a(lpc17xx_timer.o)
 .debug_frame   0x00001318      0x10c C:\Users\Giki\Documents\lpcxpresso_3.6.3_317\workspace\Lib_MCU\Debug\libLib_MCU.a(lpc17xx_clkpwr.o)
 .debug_frame   0x00001424       0x50 c:/nxp/lpcxpresso_3.6.3_317/tools/bin/../lib/gcc/arm-none-eabi/4.3.3/thumb2\libgcc.a(bpabi.o)
 .debug_frame   0x00001474       0x38 c:/nxp/lpcxpresso_3.6.3_317/tools/bin/../lib/gcc/arm-none-eabi/4.3.3/thumb2\libgcc.a(_divdi3.o)
 .debug_frame   0x000014ac       0x38 c:/nxp/lpcxpresso_3.6.3_317/tools/bin/../lib/gcc/arm-none-eabi/4.3.3/thumb2\libgcc.a(_udivdi3.o)
 .debug_frame   0x000014e4       0x20 c:/nxp/lpcxpresso_3.6.3_317/tools/bin/../lib/gcc/arm-none-eabi/4.3.3/thumb2\libgcc.a(_udivsi3.o)
 .debug_frame   0x00001504       0x30 c:/nxp/lpcxpresso_3.6.3_317/tools/bin/../lib/gcc/arm-none-eabi/4.3.3/../../../../arm-none-eabi/lib/thumb2\libc.a(lib_a-memcpy.o)
 .debug_frame   0x00001534       0x28 c:/nxp/lpcxpresso_3.6.3_317/tools/bin/../lib/gcc/arm-none-eabi/4.3.3/../../../../arm-none-eabi/lib/thumb2\libc.a(lib_a-memset.o)

.debug_loc      0x00000000     0x21a2
 .debug_loc     0x00000000      0x1e5 ./src/cr_startup_lpc17.o
 .debug_loc     0x000001e5      0x2cb ./src/main.o
 .debug_loc     0x000004b0       0x56 C:\Users\Giki\Documents\lpcxpresso_3.6.3_317\workspace\Lib_CMSISv1p30_LPC17xx\Debug\libCMSISv1p30_LPC17xx.a(system_LPC17xx.o)
 .debug_loc     0x00000506      0x1e7 C:\Users\Giki\Documents\lpcxpresso_3.6.3_317\workspace\Lib_EaBaseBoard\Debug\libLib_EaBaseBoard.a(acc.o)
 .debug_loc     0x000006ed       0x62 C:\Users\Giki\Documents\lpcxpresso_3.6.3_317\workspace\Lib_EaBaseBoard\Debug\libLib_EaBaseBoard.a(joystick.o)
 .debug_loc     0x0000074f      0x331 C:\Users\Giki\Documents\lpcxpresso_3.6.3_317\workspace\Lib_EaBaseBoard\Debug\libLib_EaBaseBoard.a(oled.o)
 .debug_loc     0x00000a80      0x2c3 C:\Users\Giki\Documents\lpcxpresso_3.6.3_317\workspace\Lib_EaBaseBoard\Debug\libLib_EaBaseBoard.a(pca9532.o)
 .debug_loc     0x00000d43      0x4ba C:\Users\Giki\Documents\lpcxpresso_3.6.3_317\workspace\Lib_MCU\Debug\libLib_MCU.a(lpc17xx_gpio.o)
 .debug_loc     0x000011fd      0x4cd C:\Users\Giki\Documents\lpcxpresso_3.6.3_317\workspace\Lib_MCU\Debug\libLib_MCU.a(lpc17xx_i2c.o)
 .debug_loc     0x000016ca      0x14a C:\Users\Giki\Documents\lpcxpresso_3.6.3_317\workspace\Lib_MCU\Debug\libLib_MCU.a(lpc17xx_pinsel.o)
 .debug_loc     0x00001814      0x434 C:\Users\Giki\Documents\lpcxpresso_3.6.3_317\workspace\Lib_MCU\Debug\libLib_MCU.a(lpc17xx_ssp.o)
 .debug_loc     0x00001c48      0x3a7 C:\Users\Giki\Documents\lpcxpresso_3.6.3_317\workspace\Lib_MCU\Debug\libLib_MCU.a(lpc17xx_timer.o)
 .debug_loc     0x00001fef      0x1b3 C:\Users\Giki\Documents\lpcxpresso_3.6.3_317\workspace\Lib_MCU\Debug\libLib_MCU.a(lpc17xx_clkpwr.o)

.debug_pubnames
                0x00000000      0xb14
 .debug_pubnames
                0x00000000       0xfd ./src/cr_startup_lpc17.o
 .debug_pubnames
                0x000000fd       0x3a ./src/main.o
 .debug_pubnames
                0x00000137       0x4f C:\Users\Giki\Documents\lpcxpresso_3.6.3_317\workspace\Lib_CMSISv1p30_LPC17xx\Debug\libCMSISv1p30_LPC17xx.a(system_LPC17xx.o)
 .debug_pubnames
                0x00000186       0x4d C:\Users\Giki\Documents\lpcxpresso_3.6.3_317\workspace\Lib_EaBaseBoard\Debug\libLib_EaBaseBoard.a(acc.o)
 .debug_pubnames
                0x000001d3       0x36 C:\Users\Giki\Documents\lpcxpresso_3.6.3_317\workspace\Lib_EaBaseBoard\Debug\libLib_EaBaseBoard.a(joystick.o)
 .debug_pubnames
                0x00000209       0xa9 C:\Users\Giki\Documents\lpcxpresso_3.6.3_317\workspace\Lib_EaBaseBoard\Debug\libLib_EaBaseBoard.a(oled.o)
 .debug_pubnames
                0x000002b2       0xef C:\Users\Giki\Documents\lpcxpresso_3.6.3_317\workspace\Lib_EaBaseBoard\Debug\libLib_EaBaseBoard.a(pca9532.o)
 .debug_pubnames
                0x000003a1       0x1e C:\Users\Giki\Documents\lpcxpresso_3.6.3_317\workspace\Lib_EaBaseBoard\Debug\libLib_EaBaseBoard.a(font5x7.o)
 .debug_pubnames
                0x000003bf      0x196 C:\Users\Giki\Documents\lpcxpresso_3.6.3_317\workspace\Lib_MCU\Debug\libLib_MCU.a(lpc17xx_gpio.o)
 .debug_pubnames
                0x00000555      0x165 C:\Users\Giki\Documents\lpcxpresso_3.6.3_317\workspace\Lib_MCU\Debug\libLib_MCU.a(lpc17xx_i2c.o)
 .debug_pubnames
                0x000006ba       0xa6 C:\Users\Giki\Documents\lpcxpresso_3.6.3_317\workspace\Lib_MCU\Debug\libLib_MCU.a(lpc17xx_pinsel.o)
 .debug_pubnames
                0x00000760      0x17f C:\Users\Giki\Documents\lpcxpresso_3.6.3_317\workspace\Lib_MCU\Debug\libLib_MCU.a(lpc17xx_ssp.o)
 .debug_pubnames
                0x000008df      0x17a C:\Users\Giki\Documents\lpcxpresso_3.6.3_317\workspace\Lib_MCU\Debug\libLib_MCU.a(lpc17xx_timer.o)
 .debug_pubnames
                0x00000a59       0xbb C:\Users\Giki\Documents\lpcxpresso_3.6.3_317\workspace\Lib_MCU\Debug\libLib_MCU.a(lpc17xx_clkpwr.o)

.debug_aranges  0x00000000      0x648
 .debug_aranges
                0x00000000       0x70 ./src/cr_startup_lpc17.o
 .debug_aranges
                0x00000070       0x80 ./src/main.o
 .debug_aranges
                0x000000f0       0x28 C:\Users\Giki\Documents\lpcxpresso_3.6.3_317\workspace\Lib_CMSISv1p30_LPC17xx\Debug\libCMSISv1p30_LPC17xx.a(system_LPC17xx.o)
 .debug_aranges
                0x00000118       0x60 C:\Users\Giki\Documents\lpcxpresso_3.6.3_317\workspace\Lib_EaBaseBoard\Debug\libLib_EaBaseBoard.a(acc.o)
 .debug_aranges
                0x00000178       0x28 C:\Users\Giki\Documents\lpcxpresso_3.6.3_317\workspace\Lib_EaBaseBoard\Debug\libLib_EaBaseBoard.a(joystick.o)
 .debug_aranges
                0x000001a0       0x90 C:\Users\Giki\Documents\lpcxpresso_3.6.3_317\workspace\Lib_EaBaseBoard\Debug\libLib_EaBaseBoard.a(oled.o)
 .debug_aranges
                0x00000230       0x80 C:\Users\Giki\Documents\lpcxpresso_3.6.3_317\workspace\Lib_EaBaseBoard\Debug\libLib_EaBaseBoard.a(pca9532.o)
 .debug_aranges
                0x000002b0       0xc8 C:\Users\Giki\Documents\lpcxpresso_3.6.3_317\workspace\Lib_MCU\Debug\libLib_MCU.a(lpc17xx_gpio.o)
 .debug_aranges
                0x00000378       0xd0 C:\Users\Giki\Documents\lpcxpresso_3.6.3_317\workspace\Lib_MCU\Debug\libLib_MCU.a(lpc17xx_i2c.o)
 .debug_aranges
                0x00000448       0x48 C:\Users\Giki\Documents\lpcxpresso_3.6.3_317\workspace\Lib_MCU\Debug\libLib_MCU.a(lpc17xx_pinsel.o)
 .debug_aranges
                0x00000490       0xb8 C:\Users\Giki\Documents\lpcxpresso_3.6.3_317\workspace\Lib_MCU\Debug\libLib_MCU.a(lpc17xx_ssp.o)
 .debug_aranges
                0x00000548       0xa0 C:\Users\Giki\Documents\lpcxpresso_3.6.3_317\workspace\Lib_MCU\Debug\libLib_MCU.a(lpc17xx_timer.o)
 .debug_aranges
                0x000005e8       0x60 C:\Users\Giki\Documents\lpcxpresso_3.6.3_317\workspace\Lib_MCU\Debug\libLib_MCU.a(lpc17xx_clkpwr.o)

.debug_ranges   0x00000000      0x5e0
 .debug_ranges  0x00000000       0x68 ./src/cr_startup_lpc17.o
 .debug_ranges  0x00000068       0x78 ./src/main.o
 .debug_ranges  0x000000e0       0x20 C:\Users\Giki\Documents\lpcxpresso_3.6.3_317\workspace\Lib_CMSISv1p30_LPC17xx\Debug\libCMSISv1p30_LPC17xx.a(system_LPC17xx.o)
 .debug_ranges  0x00000100       0x58 C:\Users\Giki\Documents\lpcxpresso_3.6.3_317\workspace\Lib_EaBaseBoard\Debug\libLib_EaBaseBoard.a(acc.o)
 .debug_ranges  0x00000158       0x20 C:\Users\Giki\Documents\lpcxpresso_3.6.3_317\workspace\Lib_EaBaseBoard\Debug\libLib_EaBaseBoard.a(joystick.o)
 .debug_ranges  0x00000178       0x88 C:\Users\Giki\Documents\lpcxpresso_3.6.3_317\workspace\Lib_EaBaseBoard\Debug\libLib_EaBaseBoard.a(oled.o)
 .debug_ranges  0x00000200       0x78 C:\Users\Giki\Documents\lpcxpresso_3.6.3_317\workspace\Lib_EaBaseBoard\Debug\libLib_EaBaseBoard.a(pca9532.o)
 .debug_ranges  0x00000278       0xc0 C:\Users\Giki\Documents\lpcxpresso_3.6.3_317\workspace\Lib_MCU\Debug\libLib_MCU.a(lpc17xx_gpio.o)
 .debug_ranges  0x00000338       0xc8 C:\Users\Giki\Documents\lpcxpresso_3.6.3_317\workspace\Lib_MCU\Debug\libLib_MCU.a(lpc17xx_i2c.o)
 .debug_ranges  0x00000400       0x40 C:\Users\Giki\Documents\lpcxpresso_3.6.3_317\workspace\Lib_MCU\Debug\libLib_MCU.a(lpc17xx_pinsel.o)
 .debug_ranges  0x00000440       0xb0 C:\Users\Giki\Documents\lpcxpresso_3.6.3_317\workspace\Lib_MCU\Debug\libLib_MCU.a(lpc17xx_ssp.o)
 .debug_ranges  0x000004f0       0x98 C:\Users\Giki\Documents\lpcxpresso_3.6.3_317\workspace\Lib_MCU\Debug\libLib_MCU.a(lpc17xx_timer.o)
 .debug_ranges  0x00000588       0x58 C:\Users\Giki\Documents\lpcxpresso_3.6.3_317\workspace\Lib_MCU\Debug\libLib_MCU.a(lpc17xx_clkpwr.o)

.debug_str      0x00000000     0x1d87
 .debug_str     0x00000000      0x190 ./src/cr_startup_lpc17.o
                                0x1ca (size before relaxing)
 .debug_str     0x00000190      0x26b ./src/main.o
                                0x35b (size before relaxing)
 .debug_str     0x000003fb      0x1c6 C:\Users\Giki\Documents\lpcxpresso_3.6.3_317\workspace\Lib_CMSISv1p30_LPC17xx\Debug\libCMSISv1p30_LPC17xx.a(system_LPC17xx.o)
                                0x25a (size before relaxing)
 .debug_str     0x000005c1      0x223 C:\Users\Giki\Documents\lpcxpresso_3.6.3_317\workspace\Lib_EaBaseBoard\Debug\libLib_EaBaseBoard.a(acc.o)
                                0x355 (size before relaxing)
 .debug_str     0x000007e4       0x3a C:\Users\Giki\Documents\lpcxpresso_3.6.3_317\workspace\Lib_EaBaseBoard\Debug\libLib_EaBaseBoard.a(joystick.o)
                                0x136 (size before relaxing)
 .debug_str     0x0000081e      0x202 C:\Users\Giki\Documents\lpcxpresso_3.6.3_317\workspace\Lib_EaBaseBoard\Debug\libLib_EaBaseBoard.a(oled.o)
                                0x372 (size before relaxing)
 .debug_str     0x00000a20      0x136 C:\Users\Giki\Documents\lpcxpresso_3.6.3_317\workspace\Lib_EaBaseBoard\Debug\libLib_EaBaseBoard.a(pca9532.o)
                                0x3ac (size before relaxing)
 .debug_str     0x00000b56       0x11 C:\Users\Giki\Documents\lpcxpresso_3.6.3_317\workspace\Lib_EaBaseBoard\Debug\libLib_EaBaseBoard.a(font5x7.o)
                                 0x80 (size before relaxing)
 .debug_str     0x00000b67      0x383 C:\Users\Giki\Documents\lpcxpresso_3.6.3_317\workspace\Lib_MCU\Debug\libLib_MCU.a(lpc17xx_gpio.o)
                                0x43e (size before relaxing)
 .debug_str     0x00000eea      0x533 C:\Users\Giki\Documents\lpcxpresso_3.6.3_317\workspace\Lib_MCU\Debug\libLib_MCU.a(lpc17xx_i2c.o)
                                0x7ca (size before relaxing)
 .debug_str     0x0000141d      0x201 C:\Users\Giki\Documents\lpcxpresso_3.6.3_317\workspace\Lib_MCU\Debug\libLib_MCU.a(lpc17xx_pinsel.o)
                                0x360 (size before relaxing)
 .debug_str     0x0000161e      0x221 C:\Users\Giki\Documents\lpcxpresso_3.6.3_317\workspace\Lib_MCU\Debug\libLib_MCU.a(lpc17xx_ssp.o)
                                0x451 (size before relaxing)
 .debug_str     0x0000183f      0x438 C:\Users\Giki\Documents\lpcxpresso_3.6.3_317\workspace\Lib_MCU\Debug\libLib_MCU.a(lpc17xx_timer.o)
                                0x587 (size before relaxing)
 .debug_str     0x00001c77      0x110 C:\Users\Giki\Documents\lpcxpresso_3.6.3_317\workspace\Lib_MCU\Debug\libLib_MCU.a(lpc17xx_clkpwr.o)
                                0x357 (size before relaxing)

.comment        0x00000000      0x25a
 .comment       0x00000000       0x2b ./src/cr_startup_lpc17.o
 .comment       0x0000002b       0x2b ./src/main.o
 .comment       0x00000056       0x2b C:\Users\Giki\Documents\lpcxpresso_3.6.3_317\workspace\Lib_CMSISv1p30_LPC17xx\Debug\libCMSISv1p30_LPC17xx.a(system_LPC17xx.o)
 .comment       0x00000081       0x2b C:\Users\Giki\Documents\lpcxpresso_3.6.3_317\workspace\Lib_EaBaseBoard\Debug\libLib_EaBaseBoard.a(acc.o)
 .comment       0x000000ac       0x2b C:\Users\Giki\Documents\lpcxpresso_3.6.3_317\workspace\Lib_EaBaseBoard\Debug\libLib_EaBaseBoard.a(joystick.o)
 .comment       0x000000d7       0x2b C:\Users\Giki\Documents\lpcxpresso_3.6.3_317\workspace\Lib_EaBaseBoard\Debug\libLib_EaBaseBoard.a(oled.o)
 .comment       0x00000102       0x2b C:\Users\Giki\Documents\lpcxpresso_3.6.3_317\workspace\Lib_EaBaseBoard\Debug\libLib_EaBaseBoard.a(pca9532.o)
 .comment       0x0000012d       0x2b C:\Users\Giki\Documents\lpcxpresso_3.6.3_317\workspace\Lib_EaBaseBoard\Debug\libLib_EaBaseBoard.a(font5x7.o)
 .comment       0x00000158       0x2b C:\Users\Giki\Documents\lpcxpresso_3.6.3_317\workspace\Lib_MCU\Debug\libLib_MCU.a(lpc17xx_gpio.o)
 .comment       0x00000183       0x2b C:\Users\Giki\Documents\lpcxpresso_3.6.3_317\workspace\Lib_MCU\Debug\libLib_MCU.a(lpc17xx_i2c.o)
 .comment       0x000001ae       0x2b C:\Users\Giki\Documents\lpcxpresso_3.6.3_317\workspace\Lib_MCU\Debug\libLib_MCU.a(lpc17xx_pinsel.o)
 .comment       0x000001d9       0x2b C:\Users\Giki\Documents\lpcxpresso_3.6.3_317\workspace\Lib_MCU\Debug\libLib_MCU.a(lpc17xx_ssp.o)
 .comment       0x00000204       0x2b C:\Users\Giki\Documents\lpcxpresso_3.6.3_317\workspace\Lib_MCU\Debug\libLib_MCU.a(lpc17xx_timer.o)
 .comment       0x0000022f       0x2b C:\Users\Giki\Documents\lpcxpresso_3.6.3_317\workspace\Lib_MCU\Debug\libLib_MCU.a(lpc17xx_clkpwr.o)

.ARM.attributes
                0x00000000       0x2f
 .ARM.attributes
                0x00000000       0x31 ./src/cr_startup_lpc17.o
 .ARM.attributes
                0x00000031       0x31 ./src/main.o
 .ARM.attributes
                0x00000062       0x31 C:\Users\Giki\Documents\lpcxpresso_3.6.3_317\workspace\Lib_CMSISv1p30_LPC17xx\Debug\libCMSISv1p30_LPC17xx.a(system_LPC17xx.o)
 .ARM.attributes
                0x00000093       0x31 C:\Users\Giki\Documents\lpcxpresso_3.6.3_317\workspace\Lib_EaBaseBoard\Debug\libLib_EaBaseBoard.a(acc.o)
 .ARM.attributes
                0x000000c4       0x31 C:\Users\Giki\Documents\lpcxpresso_3.6.3_317\workspace\Lib_EaBaseBoard\Debug\libLib_EaBaseBoard.a(joystick.o)
 .ARM.attributes
                0x000000f5       0x31 C:\Users\Giki\Documents\lpcxpresso_3.6.3_317\workspace\Lib_EaBaseBoard\Debug\libLib_EaBaseBoard.a(oled.o)
 .ARM.attributes
                0x00000126       0x31 C:\Users\Giki\Documents\lpcxpresso_3.6.3_317\workspace\Lib_EaBaseBoard\Debug\libLib_EaBaseBoard.a(pca9532.o)
 .ARM.attributes
                0x00000157       0x31 C:\Users\Giki\Documents\lpcxpresso_3.6.3_317\workspace\Lib_EaBaseBoard\Debug\libLib_EaBaseBoard.a(font5x7.o)
 .ARM.attributes
                0x00000188       0x31 C:\Users\Giki\Documents\lpcxpresso_3.6.3_317\workspace\Lib_MCU\Debug\libLib_MCU.a(lpc17xx_gpio.o)
 .ARM.attributes
                0x000001b9       0x31 C:\Users\Giki\Documents\lpcxpresso_3.6.3_317\workspace\Lib_MCU\Debug\libLib_MCU.a(lpc17xx_i2c.o)
 .ARM.attributes
                0x000001ea       0x31 C:\Users\Giki\Documents\lpcxpresso_3.6.3_317\workspace\Lib_MCU\Debug\libLib_MCU.a(lpc17xx_pinsel.o)
 .ARM.attributes
                0x0000021b       0x31 C:\Users\Giki\Documents\lpcxpresso_3.6.3_317\workspace\Lib_MCU\Debug\libLib_MCU.a(lpc17xx_ssp.o)
 .ARM.attributes
                0x0000024c       0x31 C:\Users\Giki\Documents\lpcxpresso_3.6.3_317\workspace\Lib_MCU\Debug\libLib_MCU.a(lpc17xx_timer.o)
 .ARM.attributes
                0x0000027d       0x31 C:\Users\Giki\Documents\lpcxpresso_3.6.3_317\workspace\Lib_MCU\Debug\libLib_MCU.a(lpc17xx_clkpwr.o)
 .ARM.attributes
                0x000002ae       0x17 c:/nxp/lpcxpresso_3.6.3_317/tools/bin/../lib/gcc/arm-none-eabi/4.3.3/thumb2\libgcc.a(_aeabi_uldivmod.o)
 .ARM.attributes
                0x000002c5       0x27 c:/nxp/lpcxpresso_3.6.3_317/tools/bin/../lib/gcc/arm-none-eabi/4.3.3/thumb2\libgcc.a(bpabi.o)
 .ARM.attributes
                0x000002ec       0x17 c:/nxp/lpcxpresso_3.6.3_317/tools/bin/../lib/gcc/arm-none-eabi/4.3.3/thumb2\libgcc.a(_dvmd_tls.o)
 .ARM.attributes
                0x00000303       0x27 c:/nxp/lpcxpresso_3.6.3_317/tools/bin/../lib/gcc/arm-none-eabi/4.3.3/thumb2\libgcc.a(_divdi3.o)
 .ARM.attributes
                0x0000032a       0x27 c:/nxp/lpcxpresso_3.6.3_317/tools/bin/../lib/gcc/arm-none-eabi/4.3.3/thumb2\libgcc.a(_udivdi3.o)
 .ARM.attributes
                0x00000351       0x17 c:/nxp/lpcxpresso_3.6.3_317/tools/bin/../lib/gcc/arm-none-eabi/4.3.3/thumb2\libgcc.a(_udivsi3.o)
 .ARM.attributes
                0x00000368       0x27 c:/nxp/lpcxpresso_3.6.3_317/tools/bin/../lib/gcc/arm-none-eabi/4.3.3/thumb2\libgcc.a(_clz.o)
 .ARM.attributes
                0x0000038f       0x27 c:/nxp/lpcxpresso_3.6.3_317/tools/bin/../lib/gcc/arm-none-eabi/4.3.3/../../../../arm-none-eabi/lib/thumb2\libc.a(lib_a-memcpy.o)
 .ARM.attributes
                0x000003b6       0x27 c:/nxp/lpcxpresso_3.6.3_317/tools/bin/../lib/gcc/arm-none-eabi/4.3.3/../../../../arm-none-eabi/lib/thumb2\libc.a(lib_a-memset.o)
